# Envelopes in OPL2 mode on nine channels at once: attack, decay, sustain
# level and release rates from slowest to instant, sustaining and percussive
# (EG type), key scaling of rate (KSR) and level (KSL 1-3) across blocks, the
# note select bit (register 08), key on again during a release, a zero attack
# rate, and level changes under a held note (48000 Hz, resampled).
rate 48000
length 223200
0 020 21
0 040 28
0 060 f0
0 080 0f
0 0e0 00
0 023 21
0 043 00
0 063 f0
0 083 0f
0 0e3 00
0 0c0 34
0 021 21
0 041 28
0 061 11
0 081 81
0 0e1 00
0 024 21
0 044 00
0 064 11
0 084 81
0 0e4 00
0 0c1 35
0 022 21
0 042 28
0 062 48
0 082 f4
0 0e2 00
0 025 01
0 045 00
0 065 48
0 085 f4
0 0e5 00
0 0c2 34
0 028 21
0 048 28
0 068 cc
0 088 3c
0 0e8 00
0 02b 11
0 04b 00
0 06b cc
0 08b 3c
0 0eb 00
0 0c3 35
0 029 21
0 049 28
0 069 85
0 089 67
0 0e9 00
0 02c 21
0 04c 4a
0 06c 85
0 08c 67
0 0ec 00
0 0c4 34
0 02a 21
0 04a 28
0 06a a2
0 08a 23
0 0ea 00
0 02d 21
0 04d 84
0 06d a2
0 08d 23
0 0ed 00
0 0c5 35
0 030 21
0 050 28
0 070 d7
0 090 a9
0 0f0 00
0 033 11
0 053 c0
0 073 d7
0 093 a9
0 0f3 00
0 0c6 34
0 031 21
0 051 28
0 071 04
0 091 44
0 0f1 00
0 034 21
0 054 00
0 074 04
0 094 44
0 0f4 00
0 0c7 35
0 032 21
0 052 28
0 072 ef
0 092 c2
0 0f2 00
0 035 21
0 055 14
0 075 ef
0 095 c2
0 0f5 00
0 0c8 34
0 0a0 58
0 0b0 25
0 0a1 82
0 0b1 25
0 0a2 b0
0 0b2 25
0 0a3 ca
0 0b3 25
0 0a4 02
0 0b4 26
0 0a5 41
0 0b5 26
0 0a6 87
0 0b6 26
0 0a7 b0
0 0b7 26
0 0a8 58
0 0b8 25
28800 0a0 58
28800 0b0 05
28800 0a1 82
28800 0b1 05
28800 0a2 b0
28800 0b2 05
28800 0a3 ca
28800 0b3 05
28800 0a4 02
28800 0b4 06
28800 0a5 41
28800 0b5 06
28800 0a6 87
28800 0b6 06
28800 0a7 b0
28800 0b7 06
28800 0a8 58
28800 0b8 05
36000 0a0 58
36000 0b0 25
36000 0a2 b0
36000 0b2 25
36000 0a4 02
36000 0b4 26
36000 0a6 87
36000 0b6 26
36000 0a8 58
36000 0b8 25
45600 0a0 58
45600 0b0 05
45600 0a2 b0
45600 0b2 05
45600 0a4 02
45600 0b4 06
45600 0a6 87
45600 0b6 06
45600 0a8 58
45600 0b8 05
60000 008 40
60000 0a0 58
60000 0b0 31
60000 0a1 82
60000 0b1 31
60000 0a2 b0
60000 0b2 31
60000 0a3 ca
60000 0b3 31
60000 0a4 02
60000 0b4 32
60000 0a5 41
60000 0b5 32
60000 0a6 87
60000 0b6 32
60000 0a7 b0
60000 0b7 32
60000 0a8 58
60000 0b8 31
88800 0a0 58
88800 0b0 11
88800 0a1 82
88800 0b1 11
88800 0a2 b0
88800 0b2 11
88800 0a3 ca
88800 0b3 11
88800 0a4 02
88800 0b4 12
88800 0a5 41
88800 0b5 12
88800 0a6 87
88800 0b6 12
88800 0a7 b0
88800 0b7 12
88800 0a8 58
88800 0b8 11
96000 0a0 58
96000 0b0 31
96000 0a2 b0
96000 0b2 31
96000 0a4 02
96000 0b4 32
96000 0a6 87
96000 0b6 32
96000 0a8 58
96000 0b8 31
105600 0a0 58
105600 0b0 11
105600 0a2 b0
105600 0b2 11
105600 0a4 02
105600 0b4 12
105600 0a6 87
105600 0b6 12
105600 0a8 58
105600 0b8 11
120000 008 00
120000 0a0 58
120000 0b0 3d
120000 0a1 82
120000 0b1 3d
120000 0a2 b0
120000 0b2 3d
120000 0a3 ca
120000 0b3 3d
120000 0a4 02
120000 0b4 3e
120000 0a5 41
120000 0b5 3e
120000 0a6 87
120000 0b6 3e
120000 0a7 b0
120000 0b7 3e
120000 0a8 58
120000 0b8 3d
148800 0a0 58
148800 0b0 1d
148800 0a1 82
148800 0b1 1d
148800 0a2 b0
148800 0b2 1d
148800 0a3 ca
148800 0b3 1d
148800 0a4 02
148800 0b4 1e
148800 0a5 41
148800 0b5 1e
148800 0a6 87
148800 0b6 1e
148800 0a7 b0
148800 0b7 1e
148800 0a8 58
148800 0b8 1d
156000 0a0 58
156000 0b0 3d
156000 0a2 b0
156000 0b2 3d
156000 0a4 02
156000 0b4 3e
156000 0a6 87
156000 0b6 3e
156000 0a8 58
156000 0b8 3d
165600 0a0 58
165600 0b0 1d
165600 0a2 b0
165600 0b2 1d
165600 0a4 02
165600 0b4 1e
165600 0a6 87
165600 0b6 1e
165600 0a8 58
165600 0b8 1d
180000 008 00
180000 0a4 b0
180000 0b4 31
180000 04c 40
182400 04c 49
184800 04c 52
187200 04c 5b
189600 04c 64
192000 04c 6d
194400 04c 76
196800 04c 7f
199200 0a4 b0
199200 0b4 11
