# music_ref -rate 48000 -block 512 -volume 127 -length 432000 -at 0 play:D_E1M1:loop
# 1465 writes
rate 48000
length 432000
buffered
0 40 3f
0 41 3f
0 42 3f
0 43 3f
0 44 3f
0 45 3f
0 46 3f
0 47 3f
0 48 3f
0 49 3f
0 4a 3f
0 4b 3f
0 4c 3f
0 4d 3f
0 4e 3f
0 4f 3f
0 50 3f
0 51 3f
0 52 3f
0 53 3f
0 54 3f
0 55 3f
0 60 0
0 61 0
0 62 0
0 63 0
0 64 0
0 65 0
0 66 0
0 67 0
0 68 0
0 69 0
0 6a 0
0 6b 0
0 6c 0
0 6d 0
0 6e 0
0 6f 0
0 70 0
0 71 0
0 72 0
0 73 0
0 74 0
0 75 0
0 76 0
0 77 0
0 78 0
0 79 0
0 7a 0
0 7b 0
0 7c 0
0 7d 0
0 7e 0
0 7f 0
0 80 0
0 81 0
0 82 0
0 83 0
0 84 0
0 85 0
0 86 0
0 87 0
0 88 0
0 89 0
0 8a 0
0 8b 0
0 8c 0
0 8d 0
0 8e 0
0 8f 0
0 90 0
0 91 0
0 92 0
0 93 0
0 94 0
0 95 0
0 96 0
0 97 0
0 98 0
0 99 0
0 9a 0
0 9b 0
0 9c 0
0 9d 0
0 9e 0
0 9f 0
0 a0 0
0 a1 0
0 a2 0
0 a3 0
0 a4 0
0 a5 0
0 a6 0
0 a7 0
0 a8 0
0 a9 0
0 aa 0
0 ab 0
0 ac 0
0 ad 0
0 ae 0
0 af 0
0 b0 0
0 b1 0
0 b2 0
0 b3 0
0 b4 0
0 b5 0
0 b6 0
0 b7 0
0 b8 0
0 b9 0
0 ba 0
0 bb 0
0 bc 0
0 bd 0
0 be 0
0 bf 0
0 c0 0
0 c1 0
0 c2 0
0 c3 0
0 c4 0
0 c5 0
0 c6 0
0 c7 0
0 c8 0
0 c9 0
0 ca 0
0 cb 0
0 cc 0
0 cd 0
0 ce 0
0 cf 0
0 d0 0
0 d1 0
0 d2 0
0 d3 0
0 d4 0
0 d5 0
0 d6 0
0 d7 0
0 d8 0
0 d9 0
0 da 0
0 db 0
0 dc 0
0 dd 0
0 de 0
0 df 0
0 e0 0
0 e1 0
0 e2 0
0 e3 0
0 e4 0
0 e5 0
0 e6 0
0 e7 0
0 e8 0
0 e9 0
0 ea 0
0 eb 0
0 ec 0
0 ed 0
0 ee 0
0 ef 0
0 f0 0
0 f1 0
0 f2 0
0 f3 0
0 f4 0
0 f5 0
0 1 0
0 5 0
0 6 0
0 7 0
0 8 0
0 9 0
0 a 0
0 b 0
0 c 0
0 d 0
0 e 0
0 f 0
0 10 0
0 11 0
0 12 0
0 13 0
0 14 0
0 15 0
0 16 0
0 17 0
0 18 0
0 19 0
0 1a 0
0 1b 0
0 1c 0
0 1d 0
0 1e 0
0 1f 0
0 20 0
0 21 0
0 22 0
0 23 0
0 24 0
0 25 0
0 26 0
0 27 0
0 28 0
0 29 0
0 2a 0
0 2b 0
0 2c 0
0 2d 0
0 2e 0
0 2f 0
0 30 0
0 31 0
0 32 0
0 33 0
0 34 0
0 35 0
0 36 0
0 37 0
0 38 0
0 39 0
0 3a 0
0 3b 0
0 3c 0
0 3d 0
0 3e 0
0 3f 0
0 1 20
0 105 1
0 140 3f
0 141 3f
0 142 3f
0 143 3f
0 144 3f
0 145 3f
0 146 3f
0 147 3f
0 148 3f
0 149 3f
0 14a 3f
0 14b 3f
0 14c 3f
0 14d 3f
0 14e 3f
0 14f 3f
0 150 3f
0 151 3f
0 152 3f
0 153 3f
0 154 3f
0 155 3f
0 160 0
0 161 0
0 162 0
0 163 0
0 164 0
0 165 0
0 166 0
0 167 0
0 168 0
0 169 0
0 16a 0
0 16b 0
0 16c 0
0 16d 0
0 16e 0
0 16f 0
0 170 0
0 171 0
0 172 0
0 173 0
0 174 0
0 175 0
0 176 0
0 177 0
0 178 0
0 179 0
0 17a 0
0 17b 0
0 17c 0
0 17d 0
0 17e 0
0 17f 0
0 180 0
0 181 0
0 182 0
0 183 0
0 184 0
0 185 0
0 186 0
0 187 0
0 188 0
0 189 0
0 18a 0
0 18b 0
0 18c 0
0 18d 0
0 18e 0
0 18f 0
0 190 0
0 191 0
0 192 0
0 193 0
0 194 0
0 195 0
0 196 0
0 197 0
0 198 0
0 199 0
0 19a 0
0 19b 0
0 19c 0
0 19d 0
0 19e 0
0 19f 0
0 1a0 0
0 1a1 0
0 1a2 0
0 1a3 0
0 1a4 0
0 1a5 0
0 1a6 0
0 1a7 0
0 1a8 0
0 1a9 0
0 1aa 0
0 1ab 0
0 1ac 0
0 1ad 0
0 1ae 0
0 1af 0
0 1b0 0
0 1b1 0
0 1b2 0
0 1b3 0
0 1b4 0
0 1b5 0
0 1b6 0
0 1b7 0
0 1b8 0
0 1b9 0
0 1ba 0
0 1bb 0
0 1bc 0
0 1bd 0
0 1be 0
0 1bf 0
0 1c0 0
0 1c1 0
0 1c2 0
0 1c3 0
0 1c4 0
0 1c5 0
0 1c6 0
0 1c7 0
0 1c8 0
0 1c9 0
0 1ca 0
0 1cb 0
0 1cc 0
0 1cd 0
0 1ce 0
0 1cf 0
0 1d0 0
0 1d1 0
0 1d2 0
0 1d3 0
0 1d4 0
0 1d5 0
0 1d6 0
0 1d7 0
0 1d8 0
0 1d9 0
0 1da 0
0 1db 0
0 1dc 0
0 1dd 0
0 1de 0
0 1df 0
0 1e0 0
0 1e1 0
0 1e2 0
0 1e3 0
0 1e4 0
0 1e5 0
0 1e6 0
0 1e7 0
0 1e8 0
0 1e9 0
0 1ea 0
0 1eb 0
0 1ec 0
0 1ed 0
0 1ee 0
0 1ef 0
0 1f0 0
0 1f1 0
0 1f2 0
0 1f3 0
0 1f4 0
0 1f5 0
0 101 0
0 102 0
0 103 0
0 104 0
0 105 0
0 106 0
0 107 0
0 108 0
0 109 0
0 10a 0
0 10b 0
0 10c 0
0 10d 0
0 10e 0
0 10f 0
0 110 0
0 111 0
0 112 0
0 113 0
0 114 0
0 115 0
0 116 0
0 117 0
0 118 0
0 119 0
0 11a 0
0 11b 0
0 11c 0
0 11d 0
0 11e 0
0 11f 0
0 120 0
0 121 0
0 122 0
0 123 0
0 124 0
0 125 0
0 126 0
0 127 0
0 128 0
0 129 0
0 12a 0
0 12b 0
0 12c 0
0 12d 0
0 12e 0
0 12f 0
0 130 0
0 131 0
0 132 0
0 133 0
0 134 0
0 135 0
0 136 0
0 137 0
0 138 0
0 139 0
0 13a 0
0 13b 0
0 13c 0
0 13d 0
0 13e 0
0 13f 0
0 8 40
0 105 1
0 43 3f
0 23 22
0 63 d2
0 83 34
0 e3 0
0 40 e1
0 20 64
0 60 f5
0 80 16
0 e0 3
0 c0 20
0 43 d
0 a0 b1
0 b0 2a
0 44 3f
0 24 22
0 64 d2
0 84 34
0 e4 0
0 41 61
0 21 62
0 61 d5
0 81 14
0 e1 1
0 c1 30
0 44 15
0 a1 65
0 b1 2f
0 45 3f
0 25 21
0 65 a5
0 85 4
0 e5 0
0 42 24
0 22 61
0 62 82
0 82 43
0 e2 0
0 c2 36
0 45 15
0 a2 68
0 b2 33
0 4b 3f
0 2b 21
0 6b c1
0 8b 26
0 eb 0
0 48 3f
0 28 21
0 68 84
0 88 3
0 e8 0
0 c3 31
0 4b a
0 48 20
0 a3 b1
0 b3 32
0 4c 3f
0 2c 21
0 6c f2
0 8c 27
0 ec 0
0 49 26
0 29 21
0 69 f4
0 89 66
0 e9 0
0 c4 30
0 4c 1
0 a4 b1
0 b4 26
10287 b3 12
10287 b4 6
12002 4d 3f
12002 2d 21
12002 6d c1
12002 8d 26
12002 ed 0
12002 4a 3f
12002 2a 21
12002 6a 84
12002 8a 3
12002 ea 0
12002 c5 31
12002 4d a
12002 4a 20
12002 a5 65
12002 b5 33
12002 53 3f
12002 33 22
12002 73 f1
12002 93 37
12002 f3 1
12002 50 5b
12002 30 62
12002 70 f5
12002 90 56
12002 f0 1
12002 c6 30
12002 53 e
12002 a6 44
12002 b6 2e
22289 b5 13
22289 b6 e
24004 54 3f
24004 34 21
24004 74 c1
24004 94 26
24004 f4 0
24004 51 3f
24004 31 21
24004 71 84
24004 91 3
24004 f1 0
24004 c7 31
24004 54 a
24004 51 20
24004 a7 4
24004 b7 36
24004 55 3f
24004 35 22
24004 75 f3
24004 95 57
24004 f5 0
24004 52 5d
24004 32 22
24004 72 f7
24004 92 76
24004 f2 1
24004 c8 30
24004 55 e
24004 a8 44
24004 b8 2a
34291 b7 16
34291 b8 a
36006 143 3f
36006 123 21
36006 163 c1
36006 183 26
36006 1e3 0
36006 140 3f
36006 120 21
36006 160 84
36006 180 3
36006 1e0 0
36006 1c0 31
36006 143 a
36006 140 20
36006 1a0 b1
36006 1b0 36
36006 144 3f
36006 124 22
36006 164 f1
36006 184 37
36006 1e4 1
36006 141 5b
36006 121 62
36006 161 f5
36006 181 56
36006 1e1 1
36006 1c1 30
36006 144 e
36006 1a1 44
36006 1b1 2e
46293 1b0 16
46293 1b1 e
46293 b0 a
46293 b1 f
46293 b2 13
48008 145 3f
48008 125 22
48008 165 d2
48008 185 34
48008 1e5 0
48008 142 e1
48008 122 64
48008 162 f5
48008 182 16
48008 1e2 3
48008 1c2 20
48008 145 c
48008 1a2 b1
48008 1b2 2a
48008 14b 3f
48008 12b 22
48008 16b d2
48008 18b 34
48008 1eb 0
48008 148 61
48008 128 62
48008 168 d5
48008 188 14
48008 1e8 1
48008 1c3 30
48008 14b 15
48008 1a3 65
48008 1b3 2f
48008 14c 3f
48008 12c 21
48008 16c a5
48008 18c 4
48008 1ec 0
48008 149 24
48008 129 61
48008 169 82
48008 189 43
48008 1e9 0
48008 1c4 36
48008 14c 15
48008 1a4 68
48008 1b4 33
48008 14d 3f
48008 12d 21
48008 16d c1
48008 18d 26
48008 1ed 0
48008 14a 3f
48008 12a 21
48008 16a 84
48008 18a 3
48008 1ea 0
48008 1c5 31
48008 14d a
48008 14a 20
48008 1a5 b1
48008 1b5 32
48008 153 3f
48008 133 21
48008 173 f2
48008 193 27
48008 1f3 0
48008 150 26
48008 130 21
48008 170 f4
48008 190 66
48008 1f0 0
48008 1c6 30
48008 153 1
48008 1a6 b1
48008 1b6 26
58295 1b5 12
58295 1b6 6
60010 154 3f
60010 134 21
60010 174 c1
60010 194 26
60010 1f4 0
60010 151 3f
60010 131 21
60010 171 84
60010 191 3
60010 1f1 0
60010 1c7 31
60010 154 a
60010 151 20
60010 1a7 65
60010 1b7 33
60010 155 3f
60010 135 22
60010 175 f1
60010 195 37
60010 1f5 1
60010 152 5b
60010 132 62
60010 172 f5
60010 192 56
60010 1f2 1
60010 1c8 30
60010 155 e
60010 1a8 44
60010 1b8 2e
70297 1b7 13
70297 1b8 e
72012 a3 4
72012 b3 36
72012 4c 3f
72012 2c 22
72012 6c f3
72012 8c 57
72012 ec 0
72012 49 5d
72012 29 22
72012 69 f7
72012 89 76
72012 e9 1
72012 c4 30
72012 4c e
72012 a4 44
72012 b4 2a
82299 b3 16
82299 b4 a
84014 a5 b1
84014 b5 36
84014 a6 44
84014 b6 2e
94301 b5 16
94301 b6 e
94301 1b2 a
94301 1b3 f
94301 1b4 13
96016 54 3f
96016 34 22
96016 74 d2
96016 94 34
96016 f4 0
96016 51 e1
96016 31 64
96016 71 f5
96016 91 16
96016 f1 3
96016 c7 20
96016 54 b
96016 a7 98
96016 b7 2b
96016 55 3f
96016 35 22
96016 75 d2
96016 95 34
96016 f5 0
96016 52 61
96016 32 62
96016 72 d5
96016 92 14
96016 f2 1
96016 c8 30
96016 55 15
96016 a8 44
96016 b8 32
96016 143 3f
96016 123 21
96016 163 a5
96016 183 4
96016 1e3 0
96016 140 24
96016 120 61
96016 160 82
96016 180 43
96016 1e0 0
96016 1c0 36
96016 143 15
96016 1a0 46
96016 1b0 36
96016 144 3f
96016 124 21
96016 164 c1
96016 184 26
96016 1e4 0
96016 141 3f
96016 121 21
96016 161 84
96016 181 3
96016 1e1 0
96016 1c1 31
96016 144 a
96016 141 20
96016 1a1 98
96016 1b1 33
96016 43 3f
96016 23 21
96016 63 f2
96016 83 27
96016 e3 0
96016 40 26
96016 20 21
96016 60 f4
96016 80 66
96016 e0 0
96016 c0 30
96016 43 1
96016 a0 b1
96016 b0 26
106303 1b1 13
106303 b0 6
108018 44 3f
108018 24 21
108018 64 c1
108018 84 26
108018 e4 0
108018 41 3f
108018 21 21
108018 61 84
108018 81 3
108018 e1 0
108018 c1 31
108018 44 a
108018 41 20
108018 a1 44
108018 b1 36
108018 45 3f
108018 25 22
108018 65 f1
108018 85 37
108018 e5 1
108018 42 5b
108018 22 62
108018 62 f5
108018 82 56
108018 e2 1
108018 c2 30
108018 45 e
108018 a2 44
108018 b2 2e
118305 b1 16
118305 b2 e
120020 1a5 b1
120020 1b5 36
120020 153 3f
120020 133 22
120020 173 f3
120020 193 57
120020 1f3 0
120020 150 5d
120020 130 22
120020 170 f7
120020 190 76
120020 1f0 1
120020 1c6 30
120020 153 e
120020 1a6 44
120020 1b6 2a
130307 1b5 16
130307 1b6 a
132022 1a7 98
132022 1b7 37
132022 1a8 44
132022 1b8 2e
142309 1b7 17
142309 1b8 e
142309 b7 b
142309 b8 12
142309 1b0 16
144024 4b 3f
144024 2b 22
144024 6b d2
144024 8b 34
144024 eb 0
144024 48 e1
144024 28 64
144024 68 f5
144024 88 16
144024 e8 3
144024 c3 20
144024 4b a
144024 a3 4
144024 b3 2e
144024 4c 3f
144024 2c 22
144024 6c d2
144024 8c 34
144024 ec 0
144024 49 61
144024 29 62
144024 69 d5
144024 89 14
144024 e9 1
144024 c4 30
144024 4c 15
144024 a4 8b
144024 b4 32
144024 4d 3f
144024 2d 21
144024 6d a5
144024 8d 4
144024 ed 0
144024 4a 24
144024 2a 61
144024 6a 82
144024 8a 43
144024 ea 0
144024 c5 36
144024 4d 15
144024 a5 8d
144024 b5 36
144024 53 3f
144024 33 21
144024 73 c1
144024 93 26
144024 f3 0
144024 50 3f
144024 30 21
144024 70 84
144024 90 3
144024 f0 0
144024 c6 31
144024 53 a
144024 50 20
144024 a6 4
144024 b6 36
144024 145 3f
144024 125 21
144024 165 f2
144024 185 27
144024 1e5 0
144024 142 26
144024 122 21
144024 162 f4
144024 182 66
144024 1e2 0
144024 1c2 30
144024 145 1
144024 1a2 b1
144024 1b2 26
154311 b6 16
154311 1b2 6
156026 14b 3f
156026 12b 21
156026 16b c1
156026 18b 26
156026 1eb 0
156026 148 3f
156026 128 21
156026 168 84
156026 188 3
156026 1e8 0
156026 1c3 31
156026 14b a
156026 148 20
156026 1a3 8b
156026 1b3 36
156026 14c 3f
156026 12c 22
156026 16c f1
156026 18c 37
156026 1ec 1
156026 149 5b
156026 129 62
156026 169 f5
156026 189 56
156026 1e9 1
156026 1c4 30
156026 14c e
156026 1a4 44
156026 1b4 2e
166313 1b3 16
166313 1b4 e
168028 1a1 6
168028 1b1 37
168028 43 3f
168028 23 22
168028 63 f3
168028 83 57
168028 e3 0
168028 40 5d
168028 20 22
168028 60 f7
168028 80 76
168028 e0 1
168028 c0 30
168028 43 e
168028 a0 44
168028 b0 2a
178315 1b1 17
178315 b0 a
180030 a1 4
180030 b1 3a
180030 a2 44
180030 b2 2e
190317 b1 1a
190317 b2 e
190317 b3 e
190317 b4 12
190317 b5 16
192032 14d c
192032 1a5 b1
192032 1b5 36
198890 1a5 c5
198890 1b5 36
205748 1a5 da
205748 1b5 36
212606 1a5 b1
212606 1b5 36
219464 1b5 16
300281 153 3f
300281 133 22
300281 173 d2
300281 193 34
300281 1f3 0
300281 150 e1
300281 130 64
300281 170 f5
300281 190 16
300281 1f0 3
300281 1c6 20
300281 153 d
300281 1a6 b1
300281 1b6 2a
300281 154 3f
300281 134 22
300281 174 d2
300281 194 34
300281 1f4 0
300281 151 61
300281 131 62
300281 171 d5
300281 191 14
300281 1f1 1
300281 1c7 30
300281 154 15
300281 1a7 65
300281 1b7 2f
300281 155 3f
300281 135 21
300281 175 a5
300281 195 4
300281 1f5 0
300281 152 24
300281 132 61
300281 172 82
300281 192 43
300281 1f2 0
300281 1c8 36
300281 155 15
300281 1a8 68
300281 1b8 33
300281 54 3f
300281 34 21
300281 74 c1
300281 94 26
300281 f4 0
300281 51 3f
300281 31 21
300281 71 84
300281 91 3
300281 f1 0
300281 c7 31
300281 54 a
300281 51 20
300281 a7 b1
300281 b7 32
300281 55 3f
300281 35 21
300281 75 f2
300281 95 27
300281 f5 0
300281 52 26
300281 32 21
300281 72 f4
300281 92 66
300281 f2 0
300281 c8 30
300281 55 1
300281 a8 b1
300281 b8 26
310568 b7 12
310568 b8 6
312283 143 3f
312283 123 21
312283 163 c1
312283 183 26
312283 1e3 0
312283 140 3f
312283 120 21
312283 160 84
312283 180 3
312283 1e0 0
312283 1c0 31
312283 143 a
312283 140 20
312283 1a0 65
312283 1b0 33
312283 53 3f
312283 33 22
312283 73 f1
312283 93 37
312283 f3 1
312283 50 5b
312283 30 62
312283 70 f5
312283 90 56
312283 f0 1
312283 c6 30
312283 53 e
312283 a6 44
312283 b6 2e
322570 1b0 13
322570 b6 e
324285 145 3f
324285 125 21
324285 165 c1
324285 185 26
324285 1e5 0
324285 142 3f
324285 122 21
324285 162 84
324285 182 3
324285 1e2 0
324285 1c2 31
324285 145 a
324285 142 20
324285 1a2 4
324285 1b2 36
324285 14b 3f
324285 12b 22
324285 16b f3
324285 18b 57
324285 1eb 0
324285 148 5d
324285 128 22
324285 168 f7
324285 188 76
324285 1e8 1
324285 1c3 30
324285 14b e
324285 1a3 44
324285 1b3 2a
334572 1b2 16
334572 1b3 a
336287 14c 3f
336287 12c 21
336287 16c c1
336287 18c 26
336287 1ec 0
336287 149 3f
336287 129 21
336287 169 84
336287 189 3
336287 1e9 0
336287 1c4 31
336287 14c a
336287 149 20
336287 1a4 b1
336287 1b4 36
336287 144 3f
336287 124 22
336287 164 f1
336287 184 37
336287 1e4 1
336287 141 5b
336287 121 62
336287 161 f5
336287 181 56
336287 1e1 1
336287 1c1 30
336287 144 e
336287 1a1 44
336287 1b1 2e
346574 1b4 16
346574 1b1 e
346574 1b6 a
346574 1b7 f
346574 1b8 13
348289 43 3f
348289 23 22
348289 63 d2
348289 83 34
348289 e3 0
348289 40 e1
348289 20 64
348289 60 f5
348289 80 16
348289 e0 3
348289 c0 20
348289 43 c
348289 a0 b1
348289 b0 2a
348289 44 3f
348289 24 22
348289 64 d2
348289 84 34
348289 e4 0
348289 41 61
348289 21 62
348289 61 d5
348289 81 14
348289 e1 1
348289 c1 30
348289 44 15
348289 a1 65
348289 b1 2f
348289 45 3f
348289 25 21
348289 65 a5
348289 85 4
348289 e5 0
348289 42 24
348289 22 61
348289 62 82
348289 82 43
348289 e2 0
348289 c2 36
348289 45 15
348289 a2 68
348289 b2 33
348289 4b 3f
348289 2b 21
348289 6b c1
348289 8b 26
348289 eb 0
348289 48 3f
348289 28 21
348289 68 84
348289 88 3
348289 e8 0
348289 c3 31
348289 4b a
348289 48 20
348289 a3 b1
348289 b3 32
348289 4c 3f
348289 2c 21
348289 6c f2
348289 8c 27
348289 ec 0
348289 49 26
348289 29 21
348289 69 f4
348289 89 66
348289 e9 0
348289 c4 30
348289 4c 1
348289 a4 b1
348289 b4 26
358576 b3 12
358576 b4 6
360291 4d 3f
360291 2d 21
360291 6d c1
360291 8d 26
360291 ed 0
360291 4a 3f
360291 2a 21
360291 6a 84
360291 8a 3
360291 ea 0
360291 c5 31
360291 4d a
360291 4a 20
360291 a5 65
360291 b5 33
360291 14d 3f
360291 12d 22
360291 16d f1
360291 18d 37
360291 1ed 1
360291 14a 5b
360291 12a 62
360291 16a f5
360291 18a 56
360291 1ea 1
360291 1c5 30
360291 14d e
360291 1a5 44
360291 1b5 2e
370578 b5 13
370578 1b5 e
372293 a7 4
372293 b7 36
372293 55 3f
372293 35 22
372293 75 f3
372293 95 57
372293 f5 0
372293 52 5d
372293 32 22
372293 72 f7
372293 92 76
372293 f2 1
372293 c8 30
372293 55 e
372293 a8 44
372293 b8 2a
382580 b7 16
382580 b8 a
384295 1a0 b1
384295 1b0 36
384295 a6 44
384295 b6 2e
394582 1b0 16
394582 b6 e
394582 b0 a
394582 b1 f
394582 b2 13
396297 145 3f
396297 125 22
396297 165 d2
396297 185 34
396297 1e5 0
396297 142 e1
396297 122 64
396297 162 f5
396297 182 16
396297 1e2 3
396297 1c2 20
396297 145 b
396297 1a2 98
396297 1b2 2b
396297 14b 3f
396297 12b 22
396297 16b d2
396297 18b 34
396297 1eb 0
396297 148 61
396297 128 62
396297 168 d5
396297 188 14
396297 1e8 1
396297 1c3 30
396297 14b 15
396297 1a3 44
396297 1b3 32
396297 14c 3f
396297 12c 21
396297 16c a5
396297 18c 4
396297 1ec 0
396297 149 24
396297 129 61
396297 169 82
396297 189 43
396297 1e9 0
396297 1c4 36
396297 14c 15
396297 1a4 46
396297 1b4 36
396297 144 3f
396297 124 21
396297 164 c1
396297 184 26
396297 1e4 0
396297 141 3f
396297 121 21
396297 161 84
396297 181 3
396297 1e1 0
396297 1c1 31
396297 144 a
396297 141 20
396297 1a1 98
396297 1b1 33
396297 153 3f
396297 133 21
396297 173 f2
396297 193 27
396297 1f3 0
396297 150 26
396297 130 21
396297 170 f4
396297 190 66
396297 1f0 0
396297 1c6 30
396297 153 1
396297 1a6 b1
396297 1b6 26
406584 1b1 13
406584 1b6 6
408299 154 3f
408299 134 21
408299 174 c1
408299 194 26
408299 1f4 0
408299 151 3f
408299 131 21
408299 171 84
408299 191 3
408299 1f1 0
408299 1c7 31
408299 154 a
408299 151 20
408299 1a7 44
408299 1b7 36
408299 155 3f
408299 135 22
408299 175 f1
408299 195 37
408299 1f5 1
408299 152 5b
408299 132 62
408299 172 f5
408299 192 56
408299 1f2 1
408299 1c8 30
408299 155 e
408299 1a8 44
408299 1b8 2e
418586 1b7 16
418586 1b8 e
420301 a3 b1
420301 b3 36
420301 4c 3f
420301 2c 22
420301 6c f3
420301 8c 57
420301 ec 0
420301 49 5d
420301 29 22
420301 69 f7
420301 89 76
420301 e9 1
420301 c4 30
420301 4c e
420301 a4 44
420301 b4 2a
430588 b3 16
430588 b4 a
