# music_ref -ver doom1-1.666 -rate 44100 -length 264600 -at 0 play:D_E1M1:loop
# 1043 writes
rate 44100
length 264600
buffered
0 40 3f
0 41 3f
0 42 3f
0 43 3f
0 44 3f
0 45 3f
0 46 3f
0 47 3f
0 48 3f
0 49 3f
0 4a 3f
0 4b 3f
0 4c 3f
0 4d 3f
0 4e 3f
0 4f 3f
0 50 3f
0 51 3f
0 52 3f
0 53 3f
0 54 3f
0 55 3f
0 60 0
0 61 0
0 62 0
0 63 0
0 64 0
0 65 0
0 66 0
0 67 0
0 68 0
0 69 0
0 6a 0
0 6b 0
0 6c 0
0 6d 0
0 6e 0
0 6f 0
0 70 0
0 71 0
0 72 0
0 73 0
0 74 0
0 75 0
0 76 0
0 77 0
0 78 0
0 79 0
0 7a 0
0 7b 0
0 7c 0
0 7d 0
0 7e 0
0 7f 0
0 80 0
0 81 0
0 82 0
0 83 0
0 84 0
0 85 0
0 86 0
0 87 0
0 88 0
0 89 0
0 8a 0
0 8b 0
0 8c 0
0 8d 0
0 8e 0
0 8f 0
0 90 0
0 91 0
0 92 0
0 93 0
0 94 0
0 95 0
0 96 0
0 97 0
0 98 0
0 99 0
0 9a 0
0 9b 0
0 9c 0
0 9d 0
0 9e 0
0 9f 0
0 a0 0
0 a1 0
0 a2 0
0 a3 0
0 a4 0
0 a5 0
0 a6 0
0 a7 0
0 a8 0
0 a9 0
0 aa 0
0 ab 0
0 ac 0
0 ad 0
0 ae 0
0 af 0
0 b0 0
0 b1 0
0 b2 0
0 b3 0
0 b4 0
0 b5 0
0 b6 0
0 b7 0
0 b8 0
0 b9 0
0 ba 0
0 bb 0
0 bc 0
0 bd 0
0 be 0
0 bf 0
0 c0 0
0 c1 0
0 c2 0
0 c3 0
0 c4 0
0 c5 0
0 c6 0
0 c7 0
0 c8 0
0 c9 0
0 ca 0
0 cb 0
0 cc 0
0 cd 0
0 ce 0
0 cf 0
0 d0 0
0 d1 0
0 d2 0
0 d3 0
0 d4 0
0 d5 0
0 d6 0
0 d7 0
0 d8 0
0 d9 0
0 da 0
0 db 0
0 dc 0
0 dd 0
0 de 0
0 df 0
0 e0 0
0 e1 0
0 e2 0
0 e3 0
0 e4 0
0 e5 0
0 e6 0
0 e7 0
0 e8 0
0 e9 0
0 ea 0
0 eb 0
0 ec 0
0 ed 0
0 ee 0
0 ef 0
0 f0 0
0 f1 0
0 f2 0
0 f3 0
0 f4 0
0 f5 0
0 1 0
0 5 0
0 6 0
0 7 0
0 8 0
0 9 0
0 a 0
0 b 0
0 c 0
0 d 0
0 e 0
0 f 0
0 10 0
0 11 0
0 12 0
0 13 0
0 14 0
0 15 0
0 16 0
0 17 0
0 18 0
0 19 0
0 1a 0
0 1b 0
0 1c 0
0 1d 0
0 1e 0
0 1f 0
0 20 0
0 21 0
0 22 0
0 23 0
0 24 0
0 25 0
0 26 0
0 27 0
0 28 0
0 29 0
0 2a 0
0 2b 0
0 2c 0
0 2d 0
0 2e 0
0 2f 0
0 30 0
0 31 0
0 32 0
0 33 0
0 34 0
0 35 0
0 36 0
0 37 0
0 38 0
0 39 0
0 3a 0
0 3b 0
0 3c 0
0 3d 0
0 3e 0
0 3f 0
0 1 20
0 105 1
0 140 3f
0 141 3f
0 142 3f
0 143 3f
0 144 3f
0 145 3f
0 146 3f
0 147 3f
0 148 3f
0 149 3f
0 14a 3f
0 14b 3f
0 14c 3f
0 14d 3f
0 14e 3f
0 14f 3f
0 150 3f
0 151 3f
0 152 3f
0 153 3f
0 154 3f
0 155 3f
0 160 0
0 161 0
0 162 0
0 163 0
0 164 0
0 165 0
0 166 0
0 167 0
0 168 0
0 169 0
0 16a 0
0 16b 0
0 16c 0
0 16d 0
0 16e 0
0 16f 0
0 170 0
0 171 0
0 172 0
0 173 0
0 174 0
0 175 0
0 176 0
0 177 0
0 178 0
0 179 0
0 17a 0
0 17b 0
0 17c 0
0 17d 0
0 17e 0
0 17f 0
0 180 0
0 181 0
0 182 0
0 183 0
0 184 0
0 185 0
0 186 0
0 187 0
0 188 0
0 189 0
0 18a 0
0 18b 0
0 18c 0
0 18d 0
0 18e 0
0 18f 0
0 190 0
0 191 0
0 192 0
0 193 0
0 194 0
0 195 0
0 196 0
0 197 0
0 198 0
0 199 0
0 19a 0
0 19b 0
0 19c 0
0 19d 0
0 19e 0
0 19f 0
0 1a0 0
0 1a1 0
0 1a2 0
0 1a3 0
0 1a4 0
0 1a5 0
0 1a6 0
0 1a7 0
0 1a8 0
0 1a9 0
0 1aa 0
0 1ab 0
0 1ac 0
0 1ad 0
0 1ae 0
0 1af 0
0 1b0 0
0 1b1 0
0 1b2 0
0 1b3 0
0 1b4 0
0 1b5 0
0 1b6 0
0 1b7 0
0 1b8 0
0 1b9 0
0 1ba 0
0 1bb 0
0 1bc 0
0 1bd 0
0 1be 0
0 1bf 0
0 1c0 0
0 1c1 0
0 1c2 0
0 1c3 0
0 1c4 0
0 1c5 0
0 1c6 0
0 1c7 0
0 1c8 0
0 1c9 0
0 1ca 0
0 1cb 0
0 1cc 0
0 1cd 0
0 1ce 0
0 1cf 0
0 1d0 0
0 1d1 0
0 1d2 0
0 1d3 0
0 1d4 0
0 1d5 0
0 1d6 0
0 1d7 0
0 1d8 0
0 1d9 0
0 1da 0
0 1db 0
0 1dc 0
0 1dd 0
0 1de 0
0 1df 0
0 1e0 0
0 1e1 0
0 1e2 0
0 1e3 0
0 1e4 0
0 1e5 0
0 1e6 0
0 1e7 0
0 1e8 0
0 1e9 0
0 1ea 0
0 1eb 0
0 1ec 0
0 1ed 0
0 1ee 0
0 1ef 0
0 1f0 0
0 1f1 0
0 1f2 0
0 1f3 0
0 1f4 0
0 1f5 0
0 101 0
0 102 0
0 103 0
0 104 0
0 105 0
0 106 0
0 107 0
0 108 0
0 109 0
0 10a 0
0 10b 0
0 10c 0
0 10d 0
0 10e 0
0 10f 0
0 110 0
0 111 0
0 112 0
0 113 0
0 114 0
0 115 0
0 116 0
0 117 0
0 118 0
0 119 0
0 11a 0
0 11b 0
0 11c 0
0 11d 0
0 11e 0
0 11f 0
0 120 0
0 121 0
0 122 0
0 123 0
0 124 0
0 125 0
0 126 0
0 127 0
0 128 0
0 129 0
0 12a 0
0 12b 0
0 12c 0
0 12d 0
0 12e 0
0 12f 0
0 130 0
0 131 0
0 132 0
0 133 0
0 134 0
0 135 0
0 136 0
0 137 0
0 138 0
0 139 0
0 13a 0
0 13b 0
0 13c 0
0 13d 0
0 13e 0
0 13f 0
0 8 40
0 105 1
0 43 3f
0 23 22
0 63 d2
0 83 34
0 e3 0
0 40 e1
0 20 64
0 60 f5
0 80 16
0 e0 3
0 c0 20
0 43 1a
0 a0 b1
0 b0 2a
0 44 3f
0 24 21
0 64 a5
0 84 4
0 e4 0
0 41 24
0 21 61
0 61 82
0 81 43
0 e1 0
0 c1 36
0 44 1e
0 a1 68
0 b1 33
0 45 3f
0 25 22
0 65 d2
0 85 34
0 e5 0
0 42 61
0 22 62
0 62 d5
0 82 14
0 e2 1
0 c2 30
0 45 1e
0 a2 65
0 b2 2f
0 4b 3f
0 2b 21
0 6b c1
0 8b 26
0 eb 0
0 48 3f
0 28 21
0 68 84
0 88 3
0 e8 0
0 c3 31
0 4b 16
0 48 20
0 a3 b1
0 b3 32
0 4c 3f
0 2c 21
0 6c f2
0 8c 27
0 ec 0
0 49 26
0 29 21
0 69 f4
0 89 66
0 e9 0
0 c4 30
0 4c 13
0 a4 b1
0 b4 26
9451 b3 12
9451 b4 6
11027 4d 3f
11027 2d 21
11027 6d c1
11027 8d 26
11027 ed 0
11027 4a 3f
11027 2a 21
11027 6a 84
11027 8a 3
11027 ea 0
11027 c5 31
11027 4d 16
11027 4a 20
11027 a5 65
11027 b5 33
11027 53 3f
11027 33 22
11027 73 f1
11027 93 37
11027 f3 1
11027 50 5b
11027 30 62
11027 70 f5
11027 90 56
11027 f0 1
11027 c6 30
11027 53 1c
11027 a6 44
11027 b6 2e
20478 b5 13
20478 b6 e
22054 54 3f
22054 34 21
22054 74 c1
22054 94 26
22054 f4 0
22054 51 3f
22054 31 21
22054 71 84
22054 91 3
22054 f1 0
22054 c7 31
22054 54 16
22054 51 20
22054 a7 4
22054 b7 36
22054 55 3f
22054 35 22
22054 75 f3
22054 95 57
22054 f5 0
22054 52 5d
22054 32 22
22054 72 f7
22054 92 76
22054 f2 1
22054 c8 30
22054 55 1c
22054 a8 44
22054 b8 2a
31505 b7 16
31505 b8 a
33081 143 3f
33081 123 21
33081 163 c1
33081 183 26
33081 1e3 0
33081 140 3f
33081 120 21
33081 160 84
33081 180 3
33081 1e0 0
33081 1c0 31
33081 143 16
33081 140 20
33081 1a0 b1
33081 1b0 36
33081 144 3f
33081 124 22
33081 164 f1
33081 184 37
33081 1e4 1
33081 141 5b
33081 121 62
33081 161 f5
33081 181 56
33081 1e1 1
33081 1c1 30
33081 144 1c
33081 1a1 44
33081 1b1 2e
42532 1b0 16
42532 1b1 e
42532 b0 a
42532 b1 13
42532 b2 f
44108 145 3f
44108 125 22
44108 165 d2
44108 185 34
44108 1e5 0
44108 142 e1
44108 122 64
44108 162 f5
44108 182 16
44108 1e2 3
44108 1c2 20
44108 145 19
44108 1a2 b1
44108 1b2 2a
44108 14b 3f
44108 12b 21
44108 16b a5
44108 18b 4
44108 1eb 0
44108 148 24
44108 128 61
44108 168 82
44108 188 43
44108 1e8 0
44108 1c3 36
44108 14b 1e
44108 1a3 68
44108 1b3 33
44108 14c 3f
44108 12c 22
44108 16c d2
44108 18c 34
44108 1ec 0
44108 149 61
44108 129 62
44108 169 d5
44108 189 14
44108 1e9 1
44108 1c4 30
44108 14c 1e
44108 1a4 65
44108 1b4 2f
44108 14d 3f
44108 12d 21
44108 16d c1
44108 18d 26
44108 1ed 0
44108 14a 3f
44108 12a 21
44108 16a 84
44108 18a 3
44108 1ea 0
44108 1c5 31
44108 14d 16
44108 14a 20
44108 1a5 b1
44108 1b5 32
44108 153 3f
44108 133 21
44108 173 f2
44108 193 27
44108 1f3 0
44108 150 26
44108 130 21
44108 170 f4
44108 190 66
44108 1f0 0
44108 1c6 30
44108 153 13
44108 1a6 b1
44108 1b6 26
53559 1b5 12
53559 1b6 6
55135 154 3f
55135 134 21
55135 174 c1
55135 194 26
55135 1f4 0
55135 151 3f
55135 131 21
55135 171 84
55135 191 3
55135 1f1 0
55135 1c7 31
55135 154 16
55135 151 20
55135 1a7 65
55135 1b7 33
55135 155 3f
55135 135 22
55135 175 f1
55135 195 37
55135 1f5 1
55135 152 5b
55135 132 62
55135 172 f5
55135 192 56
55135 1f2 1
55135 1c8 30
55135 155 1c
55135 1a8 44
55135 1b8 2e
64586 1b7 13
64586 1b8 e
66162 a3 4
66162 b3 36
66162 4c 3f
66162 2c 22
66162 6c f3
66162 8c 57
66162 ec 0
66162 49 5d
66162 29 22
66162 69 f7
66162 89 76
66162 e9 1
66162 c4 30
66162 4c 1c
66162 a4 44
66162 b4 2a
75613 b3 16
75613 b4 a
77189 a5 b1
77189 b5 36
77189 a6 44
77189 b6 2e
86640 b5 16
86640 b6 e
86640 1b2 a
86640 1b3 13
86640 1b4 f
88216 54 3f
88216 34 22
88216 74 d2
88216 94 34
88216 f4 0
88216 51 e1
88216 31 64
88216 71 f5
88216 91 16
88216 f1 3
88216 c7 20
88216 54 18
88216 a7 98
88216 b7 2b
88216 55 3f
88216 35 21
88216 75 a5
88216 95 4
88216 f5 0
88216 52 24
88216 32 61
88216 72 82
88216 92 43
88216 f2 0
88216 c8 36
88216 55 1e
88216 a8 46
88216 b8 36
88216 143 3f
88216 123 22
88216 163 d2
88216 183 34
88216 1e3 0
88216 140 61
88216 120 62
88216 160 d5
88216 180 14
88216 1e0 1
88216 1c0 30
88216 143 1e
88216 1a0 44
88216 1b0 32
88216 144 3f
88216 124 21
88216 164 c1
88216 184 26
88216 1e4 0
88216 141 3f
88216 121 21
88216 161 84
88216 181 3
88216 1e1 0
88216 1c1 31
88216 144 16
88216 141 20
88216 1a1 98
88216 1b1 33
88216 43 3f
88216 23 21
88216 63 f2
88216 83 27
88216 e3 0
88216 40 26
88216 20 21
88216 60 f4
88216 80 66
88216 e0 0
88216 c0 30
88216 43 13
88216 a0 b1
88216 b0 26
97667 1b1 13
97667 b0 6
99243 44 3f
99243 24 21
99243 64 c1
99243 84 26
99243 e4 0
99243 41 3f
99243 21 21
99243 61 84
99243 81 3
99243 e1 0
99243 c1 31
99243 44 16
99243 41 20
99243 a1 44
99243 b1 36
99243 45 3f
99243 25 22
99243 65 f1
99243 85 37
99243 e5 1
99243 42 5b
99243 22 62
99243 62 f5
99243 82 56
99243 e2 1
99243 c2 30
99243 45 1c
99243 a2 44
99243 b2 2e
108694 b1 16
108694 b2 e
110270 1a5 b1
110270 1b5 36
110270 153 3f
110270 133 22
110270 173 f3
110270 193 57
110270 1f3 0
110270 150 5d
110270 130 22
110270 170 f7
110270 190 76
110270 1f0 1
110270 1c6 30
110270 153 1c
110270 1a6 44
110270 1b6 2a
119721 1b5 16
119721 1b6 a
121297 1a7 98
121297 1b7 37
121297 1a8 44
121297 1b8 2e
130748 1b7 17
130748 1b8 e
130748 b7 b
130748 b8 16
130748 1b0 12
132324 4b 3f
132324 2b 22
132324 6b d2
132324 8b 34
132324 eb 0
132324 48 e1
132324 28 64
132324 68 f5
132324 88 16
132324 e8 3
132324 c3 20
132324 4b 17
132324 a3 4
132324 b3 2e
132324 4c 3f
132324 2c 21
132324 6c a5
132324 8c 4
132324 ec 0
132324 49 24
132324 29 61
132324 69 82
132324 89 43
132324 e9 0
132324 c4 36
132324 4c 1e
132324 a4 8d
132324 b4 36
132324 4d 3f
132324 2d 22
132324 6d d2
132324 8d 34
132324 ed 0
132324 4a 61
132324 2a 62
132324 6a d5
132324 8a 14
132324 ea 1
132324 c5 30
132324 4d 1e
132324 a5 8b
132324 b5 32
132324 53 3f
132324 33 21
132324 73 c1
132324 93 26
132324 f3 0
132324 50 3f
132324 30 21
132324 70 84
132324 90 3
132324 f0 0
132324 c6 31
132324 53 16
132324 50 20
132324 a6 4
132324 b6 36
132324 145 3f
132324 125 21
132324 165 f2
132324 185 27
132324 1e5 0
132324 142 26
132324 122 21
132324 162 f4
132324 182 66
132324 1e2 0
132324 1c2 30
132324 145 13
132324 1a2 b1
132324 1b2 26
141775 b6 16
141775 1b2 6
143351 14b 3f
143351 12b 21
143351 16b c1
143351 18b 26
143351 1eb 0
143351 148 3f
143351 128 21
143351 168 84
143351 188 3
143351 1e8 0
143351 1c3 31
143351 14b 16
143351 148 20
143351 1a3 8b
143351 1b3 36
143351 14c 3f
143351 12c 22
143351 16c f1
143351 18c 37
143351 1ec 1
143351 149 5b
143351 129 62
143351 169 f5
143351 189 56
143351 1e9 1
143351 1c4 30
143351 14c 1c
143351 1a4 44
143351 1b4 2e
152802 1b3 16
152802 1b4 e
154378 1a1 6
154378 1b1 37
154378 43 3f
154378 23 22
154378 63 f3
154378 83 57
154378 e3 0
154378 40 5d
154378 20 22
154378 60 f7
154378 80 76
154378 e0 1
154378 c0 30
154378 43 1c
154378 a0 44
154378 b0 2a
163829 1b1 17
163829 b0 a
165405 a1 4
165405 b1 3a
165405 a2 44
165405 b2 2e
174856 b1 1a
174856 b2 e
174856 b3 e
174856 b4 16
174856 b5 12
176432 14d 17
176432 1a5 b1
176432 1b5 36
182733 1a5 c5
182733 1b5 36
189034 1a5 da
189034 1b5 36
195335 1a5 b1
195335 1b5 36
201636 1b5 16
