# music_ref -ver doom2-1.666 -opl2 -rate 48000 -length 288000 -at 0 play:D_E1M1:loop
# 868 writes
rate 48000
length 288000
buffered
0 40 3f
0 41 3f
0 42 3f
0 43 3f
0 44 3f
0 45 3f
0 46 3f
0 47 3f
0 48 3f
0 49 3f
0 4a 3f
0 4b 3f
0 4c 3f
0 4d 3f
0 4e 3f
0 4f 3f
0 50 3f
0 51 3f
0 52 3f
0 53 3f
0 54 3f
0 55 3f
0 60 0
0 61 0
0 62 0
0 63 0
0 64 0
0 65 0
0 66 0
0 67 0
0 68 0
0 69 0
0 6a 0
0 6b 0
0 6c 0
0 6d 0
0 6e 0
0 6f 0
0 70 0
0 71 0
0 72 0
0 73 0
0 74 0
0 75 0
0 76 0
0 77 0
0 78 0
0 79 0
0 7a 0
0 7b 0
0 7c 0
0 7d 0
0 7e 0
0 7f 0
0 80 0
0 81 0
0 82 0
0 83 0
0 84 0
0 85 0
0 86 0
0 87 0
0 88 0
0 89 0
0 8a 0
0 8b 0
0 8c 0
0 8d 0
0 8e 0
0 8f 0
0 90 0
0 91 0
0 92 0
0 93 0
0 94 0
0 95 0
0 96 0
0 97 0
0 98 0
0 99 0
0 9a 0
0 9b 0
0 9c 0
0 9d 0
0 9e 0
0 9f 0
0 a0 0
0 a1 0
0 a2 0
0 a3 0
0 a4 0
0 a5 0
0 a6 0
0 a7 0
0 a8 0
0 a9 0
0 aa 0
0 ab 0
0 ac 0
0 ad 0
0 ae 0
0 af 0
0 b0 0
0 b1 0
0 b2 0
0 b3 0
0 b4 0
0 b5 0
0 b6 0
0 b7 0
0 b8 0
0 b9 0
0 ba 0
0 bb 0
0 bc 0
0 bd 0
0 be 0
0 bf 0
0 c0 0
0 c1 0
0 c2 0
0 c3 0
0 c4 0
0 c5 0
0 c6 0
0 c7 0
0 c8 0
0 c9 0
0 ca 0
0 cb 0
0 cc 0
0 cd 0
0 ce 0
0 cf 0
0 d0 0
0 d1 0
0 d2 0
0 d3 0
0 d4 0
0 d5 0
0 d6 0
0 d7 0
0 d8 0
0 d9 0
0 da 0
0 db 0
0 dc 0
0 dd 0
0 de 0
0 df 0
0 e0 0
0 e1 0
0 e2 0
0 e3 0
0 e4 0
0 e5 0
0 e6 0
0 e7 0
0 e8 0
0 e9 0
0 ea 0
0 eb 0
0 ec 0
0 ed 0
0 ee 0
0 ef 0
0 f0 0
0 f1 0
0 f2 0
0 f3 0
0 f4 0
0 f5 0
0 1 0
0 5 0
0 6 0
0 7 0
0 8 0
0 9 0
0 a 0
0 b 0
0 c 0
0 d 0
0 e 0
0 f 0
0 10 0
0 11 0
0 12 0
0 13 0
0 14 0
0 15 0
0 16 0
0 17 0
0 18 0
0 19 0
0 1a 0
0 1b 0
0 1c 0
0 1d 0
0 1e 0
0 1f 0
0 20 0
0 21 0
0 22 0
0 23 0
0 24 0
0 25 0
0 26 0
0 27 0
0 28 0
0 29 0
0 2a 0
0 2b 0
0 2c 0
0 2d 0
0 2e 0
0 2f 0
0 30 0
0 31 0
0 32 0
0 33 0
0 34 0
0 35 0
0 36 0
0 37 0
0 38 0
0 39 0
0 3a 0
0 3b 0
0 3c 0
0 3d 0
0 3e 0
0 3f 0
0 1 20
0 8 40
0 43 3f
0 23 22
0 63 d2
0 83 34
0 e3 0
0 40 e1
0 20 64
0 60 f5
0 80 16
0 e0 3
0 c0 30
0 43 1a
0 a0 b1
0 b0 2a
0 44 3f
0 24 21
0 64 a5
0 84 4
0 e4 0
0 41 24
0 21 61
0 61 82
0 81 43
0 e1 0
0 c1 36
0 44 1e
0 a1 68
0 b1 33
0 45 3f
0 25 22
0 65 d2
0 85 34
0 e5 0
0 42 61
0 22 62
0 62 d5
0 82 14
0 e2 1
0 c2 30
0 45 1e
0 a2 65
0 b2 2f
0 4b 3f
0 2b 21
0 6b c1
0 8b 26
0 eb 0
0 48 3f
0 28 21
0 68 84
0 88 3
0 e8 0
0 c3 31
0 4b 16
0 48 20
0 a3 b1
0 b3 32
0 4c 3f
0 2c 21
0 6c f2
0 8c 27
0 ec 0
0 49 26
0 29 21
0 69 f4
0 89 66
0 e9 0
0 c4 30
0 4c 13
0 a4 b1
0 b4 26
10287 b3 12
10287 b4 6
12002 4d 3f
12002 2d 21
12002 6d c1
12002 8d 26
12002 ed 0
12002 4a 3f
12002 2a 21
12002 6a 84
12002 8a 3
12002 ea 0
12002 c5 31
12002 4d 16
12002 4a 20
12002 a5 65
12002 b5 33
12002 53 3f
12002 33 22
12002 73 f1
12002 93 37
12002 f3 1
12002 50 5b
12002 30 62
12002 70 f5
12002 90 56
12002 f0 1
12002 c6 30
12002 53 1c
12002 a6 44
12002 b6 2e
22289 b5 13
22289 b6 e
24004 54 3f
24004 34 21
24004 74 c1
24004 94 26
24004 f4 0
24004 51 3f
24004 31 21
24004 71 84
24004 91 3
24004 f1 0
24004 c7 31
24004 54 16
24004 51 20
24004 a7 4
24004 b7 36
24004 55 3f
24004 35 22
24004 75 f3
24004 95 57
24004 f5 0
24004 52 5d
24004 32 22
24004 72 f7
24004 92 76
24004 f2 1
24004 c8 30
24004 55 1c
24004 a8 44
24004 b8 2a
34291 b7 16
34291 b8 a
36006 a3 b1
36006 b3 36
36006 4c 3f
36006 2c 22
36006 6c f1
36006 8c 37
36006 ec 1
36006 49 5b
36006 29 62
36006 69 f5
36006 89 56
36006 e9 1
36006 c4 30
36006 4c 1c
36006 a4 44
36006 b4 2e
46293 b3 16
46293 b4 e
46293 b0 a
46293 b1 13
46293 b2 f
48008 4d 3f
48008 2d 22
48008 6d d2
48008 8d 34
48008 ed 0
48008 4a e1
48008 2a 64
48008 6a f5
48008 8a 16
48008 ea 3
48008 c5 30
48008 4d 19
48008 a5 b1
48008 b5 2a
48008 53 3f
48008 33 21
48008 73 a5
48008 93 4
48008 f3 0
48008 50 24
48008 30 61
48008 70 82
48008 90 43
48008 f0 0
48008 c6 36
48008 53 1e
48008 a6 68
48008 b6 33
48008 54 3f
48008 34 22
48008 74 d2
48008 94 34
48008 f4 0
48008 51 61
48008 31 62
48008 71 d5
48008 91 14
48008 f1 1
48008 c7 30
48008 54 1e
48008 a7 65
48008 b7 2f
48008 55 3f
48008 35 21
48008 75 c1
48008 95 26
48008 f5 0
48008 52 3f
48008 32 21
48008 72 84
48008 92 3
48008 f2 0
48008 c8 31
48008 55 16
48008 52 20
48008 a8 b1
48008 b8 32
48008 4b 3f
48008 2b 21
48008 6b f2
48008 8b 27
48008 eb 0
48008 48 26
48008 28 21
48008 68 f4
48008 88 66
48008 e8 0
48008 c3 30
48008 4b 13
48008 a3 b1
48008 b3 26
58295 b8 12
58295 b3 6
60010 4c 3f
60010 2c 21
60010 6c c1
60010 8c 26
60010 ec 0
60010 49 3f
60010 29 21
60010 69 84
60010 89 3
60010 e9 0
60010 c4 31
60010 4c 16
60010 49 20
60010 a4 65
60010 b4 33
60010 43 3f
60010 23 22
60010 63 f1
60010 83 37
60010 e3 1
60010 40 5b
60010 20 62
60010 60 f5
60010 80 56
60010 e0 1
60010 c0 30
60010 43 1c
60010 a0 44
60010 b0 2e
70297 b4 13
70297 b0 e
72012 44 3f
72012 24 21
72012 64 c1
72012 84 26
72012 e4 0
72012 41 3f
72012 21 21
72012 61 84
72012 81 3
72012 e1 0
72012 c1 31
72012 44 16
72012 41 20
72012 a1 4
72012 b1 36
72012 45 3f
72012 25 22
72012 65 f3
72012 85 57
72012 e5 0
72012 42 5d
72012 22 22
72012 62 f7
72012 82 76
72012 e2 1
72012 c2 30
72012 45 1c
72012 a2 44
72012 b2 2a
82299 b1 16
82299 b2 a
84014 a8 b1
84014 b8 36
84014 4b 3f
84014 2b 22
84014 6b f1
84014 8b 37
84014 eb 1
84014 48 5b
84014 28 62
84014 68 f5
84014 88 56
84014 e8 1
84014 c3 30
84014 4b 1c
84014 a3 44
84014 b3 2e
94301 b8 16
94301 b3 e
94301 b5 a
94301 b6 13
94301 b7 f
96016 4c 3f
96016 2c 22
96016 6c d2
96016 8c 34
96016 ec 0
96016 49 e1
96016 29 64
96016 69 f5
96016 89 16
96016 e9 3
96016 c4 30
96016 4c 18
96016 a4 98
96016 b4 2b
96016 43 3f
96016 23 21
96016 63 a5
96016 83 4
96016 e3 0
96016 40 24
96016 20 61
96016 60 82
96016 80 43
96016 e0 0
96016 c0 36
96016 43 1e
96016 a0 46
96016 b0 36
96016 44 3f
96016 24 22
96016 64 d2
96016 84 34
96016 e4 0
96016 41 61
96016 21 62
96016 61 d5
96016 81 14
96016 e1 1
96016 c1 30
96016 44 1e
96016 a1 44
96016 b1 32
96016 45 3f
96016 25 21
96016 65 c1
96016 85 26
96016 e5 0
96016 42 3f
96016 22 21
96016 62 84
96016 82 3
96016 e2 0
96016 c2 31
96016 45 16
96016 42 20
96016 a2 98
96016 b2 33
96016 55 3f
96016 35 21
96016 75 f2
96016 95 27
96016 f5 0
96016 52 26
96016 32 21
96016 72 f4
96016 92 66
96016 f2 0
96016 c8 30
96016 55 13
96016 a8 b1
96016 b8 26
106303 b2 13
106303 b8 6
108018 4b 3f
108018 2b 21
108018 6b c1
108018 8b 26
108018 eb 0
108018 48 3f
108018 28 21
108018 68 84
108018 88 3
108018 e8 0
108018 c3 31
108018 4b 16
108018 48 20
108018 a3 44
108018 b3 36
108018 4d 3f
108018 2d 22
108018 6d f1
108018 8d 37
108018 ed 1
108018 4a 5b
108018 2a 62
108018 6a f5
108018 8a 56
108018 ea 1
108018 c5 30
108018 4d 1c
108018 a5 44
108018 b5 2e
118305 b3 16
118305 b5 e
120020 53 3f
120020 33 21
120020 73 c1
120020 93 26
120020 f3 0
120020 50 3f
120020 30 21
120020 70 84
120020 90 3
120020 f0 0
120020 c6 31
120020 53 16
120020 50 20
120020 a6 b1
120020 b6 36
120020 54 3f
120020 34 22
120020 74 f3
120020 94 57
120020 f4 0
120020 51 5d
120020 31 22
120020 71 f7
120020 91 76
120020 f1 1
120020 c7 30
120020 54 1c
120020 a7 44
120020 b7 2a
130307 b6 16
130307 b7 a
132022 a2 98
132022 b2 37
132022 55 3f
132022 35 22
132022 75 f1
132022 95 37
132022 f5 1
132022 52 5b
132022 32 62
132022 72 f5
132022 92 56
132022 f2 1
132022 c8 30
132022 55 1c
132022 a8 44
132022 b8 2e
142309 b2 17
142309 b8 e
142309 b4 b
142309 b0 16
142309 b1 12
144024 4b 3f
144024 2b 22
144024 6b d2
144024 8b 34
144024 eb 0
144024 48 e1
144024 28 64
144024 68 f5
144024 88 16
144024 e8 3
144024 c3 30
144024 4b 17
144024 a3 4
144024 b3 2e
144024 4d 3f
144024 2d 21
144024 6d a5
144024 8d 4
144024 ed 0
144024 4a 24
144024 2a 61
144024 6a 82
144024 8a 43
144024 ea 0
144024 c5 36
144024 4d 1e
144024 a5 8d
144024 b5 36
144024 53 3f
144024 33 22
144024 73 d2
144024 93 34
144024 f3 0
144024 50 61
144024 30 62
144024 70 d5
144024 90 14
144024 f0 1
144024 c6 30
144024 53 1e
144024 a6 8b
144024 b6 32
144024 54 3f
144024 34 21
144024 74 c1
144024 94 26
144024 f4 0
144024 51 3f
144024 31 21
144024 71 84
144024 91 3
144024 f1 0
144024 c7 31
144024 54 16
144024 51 20
144024 a7 4
144024 b7 36
144024 45 3f
144024 25 21
144024 65 f2
144024 85 27
144024 e5 0
144024 42 26
144024 22 21
144024 62 f4
144024 82 66
144024 e2 0
144024 c2 30
144024 45 13
144024 a2 b1
144024 b2 26
154311 b7 16
154311 b2 6
156026 55 3f
156026 35 21
156026 75 c1
156026 95 26
156026 f5 0
156026 52 3f
156026 32 21
156026 72 84
156026 92 3
156026 f2 0
156026 c8 31
156026 55 16
156026 52 20
156026 a8 8b
156026 b8 36
156026 4c 3f
156026 2c 22
156026 6c f1
156026 8c 37
156026 ec 1
156026 49 5b
156026 29 62
156026 69 f5
156026 89 56
156026 e9 1
156026 c4 30
156026 4c 1c
156026 a4 44
156026 b4 2e
166313 b8 16
166313 b4 e
168028 43 3f
168028 23 21
168028 63 c1
168028 83 26
168028 e3 0
168028 40 3f
168028 20 21
168028 60 84
168028 80 3
168028 e0 0
168028 c0 31
168028 43 16
168028 40 20
168028 a0 6
168028 b0 37
168028 44 3f
168028 24 22
168028 64 f3
168028 84 57
168028 e4 0
168028 41 5d
168028 21 22
168028 61 f7
168028 81 76
168028 e1 1
168028 c1 30
168028 44 1c
168028 a1 44
168028 b1 2a
178315 b0 17
178315 b1 a
180030 a7 4
180030 b7 3a
180030 45 3f
180030 25 22
180030 65 f1
180030 85 37
180030 e5 1
180030 42 5b
180030 22 62
180030 62 f5
180030 82 56
180030 e2 1
180030 c2 30
180030 45 1c
180030 a2 44
180030 b2 2e
190317 b7 1a
190317 b2 e
190317 b3 e
190317 b5 16
190317 b6 12
192032 55 17
192032 a8 b1
192032 b8 36
198890 a8 c5
198890 b8 36
205748 a8 da
205748 b8 36
212606 a8 b1
212606 b8 36
219464 b8 16
