# music_ref -opl2 -rate 49716 -block 300 -volume 100 -length 298296 -at 0 play:D_INTRO:loop
# 778 writes
rate 49716
length 298296
buffered
0 40 3f
0 41 3f
0 42 3f
0 43 3f
0 44 3f
0 45 3f
0 46 3f
0 47 3f
0 48 3f
0 49 3f
0 4a 3f
0 4b 3f
0 4c 3f
0 4d 3f
0 4e 3f
0 4f 3f
0 50 3f
0 51 3f
0 52 3f
0 53 3f
0 54 3f
0 55 3f
0 60 0
0 61 0
0 62 0
0 63 0
0 64 0
0 65 0
0 66 0
0 67 0
0 68 0
0 69 0
0 6a 0
0 6b 0
0 6c 0
0 6d 0
0 6e 0
0 6f 0
0 70 0
0 71 0
0 72 0
0 73 0
0 74 0
0 75 0
0 76 0
0 77 0
0 78 0
0 79 0
0 7a 0
0 7b 0
0 7c 0
0 7d 0
0 7e 0
0 7f 0
0 80 0
0 81 0
0 82 0
0 83 0
0 84 0
0 85 0
0 86 0
0 87 0
0 88 0
0 89 0
0 8a 0
0 8b 0
0 8c 0
0 8d 0
0 8e 0
0 8f 0
0 90 0
0 91 0
0 92 0
0 93 0
0 94 0
0 95 0
0 96 0
0 97 0
0 98 0
0 99 0
0 9a 0
0 9b 0
0 9c 0
0 9d 0
0 9e 0
0 9f 0
0 a0 0
0 a1 0
0 a2 0
0 a3 0
0 a4 0
0 a5 0
0 a6 0
0 a7 0
0 a8 0
0 a9 0
0 aa 0
0 ab 0
0 ac 0
0 ad 0
0 ae 0
0 af 0
0 b0 0
0 b1 0
0 b2 0
0 b3 0
0 b4 0
0 b5 0
0 b6 0
0 b7 0
0 b8 0
0 b9 0
0 ba 0
0 bb 0
0 bc 0
0 bd 0
0 be 0
0 bf 0
0 c0 0
0 c1 0
0 c2 0
0 c3 0
0 c4 0
0 c5 0
0 c6 0
0 c7 0
0 c8 0
0 c9 0
0 ca 0
0 cb 0
0 cc 0
0 cd 0
0 ce 0
0 cf 0
0 d0 0
0 d1 0
0 d2 0
0 d3 0
0 d4 0
0 d5 0
0 d6 0
0 d7 0
0 d8 0
0 d9 0
0 da 0
0 db 0
0 dc 0
0 dd 0
0 de 0
0 df 0
0 e0 0
0 e1 0
0 e2 0
0 e3 0
0 e4 0
0 e5 0
0 e6 0
0 e7 0
0 e8 0
0 e9 0
0 ea 0
0 eb 0
0 ec 0
0 ed 0
0 ee 0
0 ef 0
0 f0 0
0 f1 0
0 f2 0
0 f3 0
0 f4 0
0 f5 0
0 1 0
0 5 0
0 6 0
0 7 0
0 8 0
0 9 0
0 a 0
0 b 0
0 c 0
0 d 0
0 e 0
0 f 0
0 10 0
0 11 0
0 12 0
0 13 0
0 14 0
0 15 0
0 16 0
0 17 0
0 18 0
0 19 0
0 1a 0
0 1b 0
0 1c 0
0 1d 0
0 1e 0
0 1f 0
0 20 0
0 21 0
0 22 0
0 23 0
0 24 0
0 25 0
0 26 0
0 27 0
0 28 0
0 29 0
0 2a 0
0 2b 0
0 2c 0
0 2d 0
0 2e 0
0 2f 0
0 30 0
0 31 0
0 32 0
0 33 0
0 34 0
0 35 0
0 36 0
0 37 0
0 38 0
0 39 0
0 3a 0
0 3b 0
0 3c 0
0 3d 0
0 3e 0
0 3f 0
0 1 20
0 8 40
0 43 3f
0 23 22
0 63 f4
0 83 37
0 e3 0
0 40 cf
0 20 64
0 60 f5
0 80 36
0 e0 3
0 c0 30
0 43 a
0 a0 34
0 b0 27
0 44 3f
0 24 22
0 64 b4
0 84 15
0 e4 0
0 41 59
0 21 22
0 61 d3
0 81 34
0 e1 1
0 c1 30
0 44 15
0 a1 b1
0 b1 32
0 45 3f
0 25 21
0 65 e2
0 85 45
0 e5 0
0 42 1c
0 22 21
0 62 86
0 82 63
0 e2 0
0 c2 36
0 45 15
0 a2 b5
0 b2 36
0 4b 3f
0 2b 21
0 6b a3
0 8b 4
0 eb 0
0 48 98
0 28 63
0 68 a2
0 88 25
0 e8 2
0 c3 30
0 4b f
0 a3 b1
0 b3 2e
9323 b0 7
12430 b1 12
12430 b2 16
12430 b3 e
18646 4c 3f
18646 2c 22
18646 6c f1
18646 8c 37
18646 ec 1
18646 49 5b
18646 29 62
18646 69 f5
18646 89 56
18646 e9 1
18646 c4 30
18646 4c a
18646 a4 44
18646 b4 2e
24860 4d 3f
24860 2d 22
24860 6d b4
24860 8d 15
24860 ed 0
24860 4a 59
24860 2a 22
24860 6a d3
24860 8a 34
24860 ea 1
24860 c5 30
24860 4d 13
24860 a5 6
24860 b5 33
24860 53 3f
24860 33 21
24860 73 e2
24860 93 45
24860 f3 0
24860 50 1c
24860 30 21
24860 70 86
24860 90 63
24860 f0 0
24860 c6 36
24860 53 13
24860 a6 a
24860 b6 37
24860 54 3f
24860 34 21
24860 74 a3
24860 94 4
24860 f4 0
24860 51 98
24860 31 63
24860 71 a2
24860 91 25
24860 f1 2
24860 c7 30
24860 54 f
24860 a7 6
24860 b7 2f
27969 b4 e
37290 b5 13
37290 b6 17
37290 b7 f
37292 55 3f
37292 35 22
37292 75 f3
37292 95 57
37292 f5 0
37292 52 5d
37292 32 22
37292 72 f7
37292 92 76
37292 f2 1
37292 c8 30
37292 55 a
37292 a8 44
37292 b8 2a
46615 b8 a
49720 43 3f
49720 23 22
49720 63 b4
49720 83 15
49720 e3 0
49720 40 59
49720 20 22
49720 60 d3
49720 80 34
49720 e0 1
49720 c0 30
49720 43 11
49720 a0 65
49720 b0 33
49720 44 3f
49720 24 21
49720 64 e2
49720 84 45
49720 e4 0
49720 41 1c
49720 21 21
49720 61 86
49720 81 63
49720 e1 0
49720 c1 36
49720 44 11
49720 a1 69
49720 b1 37
49720 45 3f
49720 25 21
49720 65 a3
49720 85 4
49720 e5 0
49720 42 98
49720 22 63
49720 62 a2
49720 82 25
49720 e2 2
49720 c2 30
49720 45 f
49720 a2 65
49720 b2 2f
55938 4b 3f
55938 2b 22
55938 6b f1
55938 8b 37
55938 eb 1
55938 48 5b
55938 28 62
55938 68 f5
55938 88 56
55938 e8 1
55938 c3 30
55938 4b a
55938 a3 44
55938 b3 2e
62150 b0 13
62150 b1 17
62150 b2 f
65261 b3 e
74580 4c 3f
74580 2c 22
74580 6c b4
74580 8c 15
74580 ec 0
74580 49 59
74580 29 22
74580 69 d3
74580 89 34
74580 e9 1
74580 c4 30
74580 4c f
74580 a4 98
74580 b4 33
74580 4d 3f
74580 2d 21
74580 6d e2
74580 8d 45
74580 ed 0
74580 4a 1c
74580 2a 21
74580 6a 86
74580 8a 63
74580 ea 0
74580 c5 36
74580 4d f
74580 a5 9d
74580 b5 37
74580 53 3f
74580 33 21
74580 73 a3
74580 93 4
74580 f3 0
74580 50 98
74580 30 63
74580 70 a2
74580 90 25
74580 f0 2
74580 c6 30
74580 53 f
74580 a6 98
74580 b6 2f
80795 a4 b3
80795 b4 33
80795 a5 b8
80795 b5 37
87010 b4 13
87010 b5 17
87010 b6 f
93230 54 3f
93230 34 22
93230 74 f1
93230 94 37
93230 f4 1
93230 51 5b
93230 31 62
93230 71 f5
93230 91 56
93230 f1 1
93230 c7 30
93230 54 a
93230 a7 44
93230 b7 2e
99440 55 3f
99440 35 22
99440 75 b4
99440 95 15
99440 f5 0
99440 52 59
99440 32 22
99440 72 d3
99440 92 34
99440 f2 1
99440 c8 30
99440 55 d
99440 a8 13
99440 b8 36
99440 43 3f
99440 23 21
99440 63 e2
99440 83 45
99440 e3 0
99440 40 1c
99440 20 21
99440 60 86
99440 80 63
99440 e0 0
99440 c0 36
99440 43 d
99440 a0 16
99440 b0 3a
99440 44 3f
99440 24 21
99440 64 a3
99440 84 4
99440 e4 0
99440 41 98
99440 21 63
99440 61 a2
99440 81 25
99440 e1 2
99440 c1 30
99440 44 f
99440 a1 4
99440 b1 32
101930 b7 e
104412 a8 4
104412 b8 36
104412 a0 7
104412 b0 3a
109384 b8 16
109384 b0 1a
109384 b1 12
109388 45 3f
109388 25 22
109388 65 f3
109388 85 57
109388 e5 0
109388 42 5d
109388 22 22
109388 62 f7
109388 82 76
109388 e2 1
109388 c2 30
109388 45 a
109388 a2 44
109388 b2 2a
116846 b2 a
119328 4b 3f
119328 2b 22
119328 6b b4
119328 8b 15
119328 eb 0
119328 48 59
119328 28 22
119328 68 d3
119328 88 34
119328 e8 1
119328 c3 30
119328 4b b
119328 a3 44
119328 b3 36
119328 4c 3f
119328 2c 21
119328 6c e2
119328 8c 45
119328 ec 0
119328 49 1c
119328 29 21
119328 69 86
119328 89 63
119328 e9 0
119328 c4 36
119328 4c b
119328 a4 47
119328 b4 3a
119328 4d 3f
119328 2d 21
119328 6d a3
119328 8d 4
119328 ed 0
119328 4a 98
119328 2a 63
119328 6a a2
119328 8a 25
119328 ea 2
119328 c5 30
119328 4d f
119328 a5 44
119328 b5 32
124304 53 3f
124304 33 21
124304 73 f4
124304 93 7
124304 f3 0
124304 50 9e
124304 30 63
124304 70 f2
124304 90 86
124304 f0 2
124304 c6 30
124304 53 a
124304 a6 cf
124304 b6 2b
129272 b3 16
129272 b4 1a
129272 b5 12
131762 b6 b
139216 54 3f
139216 34 22
139216 74 b4
139216 94 15
139216 f4 0
139216 51 59
139216 31 22
139216 71 d3
139216 91 34
139216 f1 1
139216 c7 30
139216 54 a
139216 a7 8b
139216 b7 36
139216 55 3f
139216 35 21
139216 75 e2
139216 95 45
139216 f5 0
139216 52 1c
139216 32 21
139216 72 86
139216 92 63
139216 f2 0
139216 c8 36
139216 55 a
139216 a8 8e
139216 b8 3a
139216 43 3f
139216 23 21
139216 63 a3
139216 83 4
139216 e3 0
139216 40 98
139216 20 63
139216 60 a2
139216 80 25
139216 e0 2
139216 c0 30
139216 43 f
139216 a0 8b
139216 b0 32
139220 44 3f
139220 24 22
139220 64 f4
139220 84 37
139220 e4 0
139220 41 cf
139220 21 64
139220 61 f5
139220 81 36
139220 e1 3
139220 c1 30
139220 44 a
139220 a1 34
139220 b1 27
146678 b1 7
149160 b7 16
149160 b8 1a
149160 b0 12
154136 45 3f
154136 25 22
154136 65 f1
154136 85 37
154136 e5 1
154136 42 5b
154136 22 62
154136 62 f5
154136 82 56
154136 e2 1
154136 c2 30
154136 45 a
154136 a2 44
154136 b2 2e
159104 4b 8
159104 a3 b1
159104 b3 36
159104 4c 8
159104 a4 b5
159104 b4 3a
159104 a5 b1
159104 b5 32
161594 b2 e
169048 b3 16
169048 b4 1a
169048 b5 12
169052 53 3f
169052 33 22
169052 73 f3
169052 93 57
169052 f3 0
169052 50 5d
169052 30 22
169052 70 f7
169052 90 76
169052 f0 1
169052 c6 30
169052 53 a
169052 a6 44
169052 b6 2a
176510 b6 a
186458 44 3f
186458 24 22
186458 64 f1
186458 84 37
186458 e4 1
186458 41 5b
186458 21 62
186458 61 f5
186458 81 56
186458 e1 1
186458 c1 30
186458 44 a
186458 a1 44
186458 b1 2e
197645 b1 e
231206 54 3f
231206 34 22
231206 74 f1
231206 94 37
231206 f4 1
231206 51 5b
231206 31 62
231206 71 f5
231206 91 56
231206 f1 1
231206 c7 30
231206 54 a
231206 a7 44
231206 b7 2e
242393 b7 e
253580 55 3f
253580 35 22
253580 75 f3
253580 95 57
253580 f5 0
253580 52 5d
253580 32 22
253580 72 f7
253580 92 76
253580 f2 1
253580 c8 30
253580 55 a
253580 a8 44
253580 b8 2a
264767 b8 a
275954 43 3f
275954 23 21
275954 63 f4
275954 83 7
275954 e3 0
275954 40 9e
275954 20 63
275954 60 f2
275954 80 86
275954 e0 2
275954 c0 30
275954 43 a
275954 a0 cf
275954 b0 2b
287141 b0 b
