# music_ref -rate 44100 -block 1024 -reverse -length 396900 -at 0 play:D_E1M1:loop -at 44100 volume:40 -at 88200 pause -at 110250 resume -at 132300 volume:127 -at 176400 play:D_INTRO:once -at 308700 play:D_E1M1:once -at 330750 pause -at 352800 play:D_INTRO:loop -at 385875 stop
# 1697 writes
rate 44100
length 396900
buffered
0 40 3f
0 41 3f
0 42 3f
0 43 3f
0 44 3f
0 45 3f
0 46 3f
0 47 3f
0 48 3f
0 49 3f
0 4a 3f
0 4b 3f
0 4c 3f
0 4d 3f
0 4e 3f
0 4f 3f
0 50 3f
0 51 3f
0 52 3f
0 53 3f
0 54 3f
0 55 3f
0 60 0
0 61 0
0 62 0
0 63 0
0 64 0
0 65 0
0 66 0
0 67 0
0 68 0
0 69 0
0 6a 0
0 6b 0
0 6c 0
0 6d 0
0 6e 0
0 6f 0
0 70 0
0 71 0
0 72 0
0 73 0
0 74 0
0 75 0
0 76 0
0 77 0
0 78 0
0 79 0
0 7a 0
0 7b 0
0 7c 0
0 7d 0
0 7e 0
0 7f 0
0 80 0
0 81 0
0 82 0
0 83 0
0 84 0
0 85 0
0 86 0
0 87 0
0 88 0
0 89 0
0 8a 0
0 8b 0
0 8c 0
0 8d 0
0 8e 0
0 8f 0
0 90 0
0 91 0
0 92 0
0 93 0
0 94 0
0 95 0
0 96 0
0 97 0
0 98 0
0 99 0
0 9a 0
0 9b 0
0 9c 0
0 9d 0
0 9e 0
0 9f 0
0 a0 0
0 a1 0
0 a2 0
0 a3 0
0 a4 0
0 a5 0
0 a6 0
0 a7 0
0 a8 0
0 a9 0
0 aa 0
0 ab 0
0 ac 0
0 ad 0
0 ae 0
0 af 0
0 b0 0
0 b1 0
0 b2 0
0 b3 0
0 b4 0
0 b5 0
0 b6 0
0 b7 0
0 b8 0
0 b9 0
0 ba 0
0 bb 0
0 bc 0
0 bd 0
0 be 0
0 bf 0
0 c0 0
0 c1 0
0 c2 0
0 c3 0
0 c4 0
0 c5 0
0 c6 0
0 c7 0
0 c8 0
0 c9 0
0 ca 0
0 cb 0
0 cc 0
0 cd 0
0 ce 0
0 cf 0
0 d0 0
0 d1 0
0 d2 0
0 d3 0
0 d4 0
0 d5 0
0 d6 0
0 d7 0
0 d8 0
0 d9 0
0 da 0
0 db 0
0 dc 0
0 dd 0
0 de 0
0 df 0
0 e0 0
0 e1 0
0 e2 0
0 e3 0
0 e4 0
0 e5 0
0 e6 0
0 e7 0
0 e8 0
0 e9 0
0 ea 0
0 eb 0
0 ec 0
0 ed 0
0 ee 0
0 ef 0
0 f0 0
0 f1 0
0 f2 0
0 f3 0
0 f4 0
0 f5 0
0 1 0
0 5 0
0 6 0
0 7 0
0 8 0
0 9 0
0 a 0
0 b 0
0 c 0
0 d 0
0 e 0
0 f 0
0 10 0
0 11 0
0 12 0
0 13 0
0 14 0
0 15 0
0 16 0
0 17 0
0 18 0
0 19 0
0 1a 0
0 1b 0
0 1c 0
0 1d 0
0 1e 0
0 1f 0
0 20 0
0 21 0
0 22 0
0 23 0
0 24 0
0 25 0
0 26 0
0 27 0
0 28 0
0 29 0
0 2a 0
0 2b 0
0 2c 0
0 2d 0
0 2e 0
0 2f 0
0 30 0
0 31 0
0 32 0
0 33 0
0 34 0
0 35 0
0 36 0
0 37 0
0 38 0
0 39 0
0 3a 0
0 3b 0
0 3c 0
0 3d 0
0 3e 0
0 3f 0
0 1 20
0 105 1
0 140 3f
0 141 3f
0 142 3f
0 143 3f
0 144 3f
0 145 3f
0 146 3f
0 147 3f
0 148 3f
0 149 3f
0 14a 3f
0 14b 3f
0 14c 3f
0 14d 3f
0 14e 3f
0 14f 3f
0 150 3f
0 151 3f
0 152 3f
0 153 3f
0 154 3f
0 155 3f
0 160 0
0 161 0
0 162 0
0 163 0
0 164 0
0 165 0
0 166 0
0 167 0
0 168 0
0 169 0
0 16a 0
0 16b 0
0 16c 0
0 16d 0
0 16e 0
0 16f 0
0 170 0
0 171 0
0 172 0
0 173 0
0 174 0
0 175 0
0 176 0
0 177 0
0 178 0
0 179 0
0 17a 0
0 17b 0
0 17c 0
0 17d 0
0 17e 0
0 17f 0
0 180 0
0 181 0
0 182 0
0 183 0
0 184 0
0 185 0
0 186 0
0 187 0
0 188 0
0 189 0
0 18a 0
0 18b 0
0 18c 0
0 18d 0
0 18e 0
0 18f 0
0 190 0
0 191 0
0 192 0
0 193 0
0 194 0
0 195 0
0 196 0
0 197 0
0 198 0
0 199 0
0 19a 0
0 19b 0
0 19c 0
0 19d 0
0 19e 0
0 19f 0
0 1a0 0
0 1a1 0
0 1a2 0
0 1a3 0
0 1a4 0
0 1a5 0
0 1a6 0
0 1a7 0
0 1a8 0
0 1a9 0
0 1aa 0
0 1ab 0
0 1ac 0
0 1ad 0
0 1ae 0
0 1af 0
0 1b0 0
0 1b1 0
0 1b2 0
0 1b3 0
0 1b4 0
0 1b5 0
0 1b6 0
0 1b7 0
0 1b8 0
0 1b9 0
0 1ba 0
0 1bb 0
0 1bc 0
0 1bd 0
0 1be 0
0 1bf 0
0 1c0 0
0 1c1 0
0 1c2 0
0 1c3 0
0 1c4 0
0 1c5 0
0 1c6 0
0 1c7 0
0 1c8 0
0 1c9 0
0 1ca 0
0 1cb 0
0 1cc 0
0 1cd 0
0 1ce 0
0 1cf 0
0 1d0 0
0 1d1 0
0 1d2 0
0 1d3 0
0 1d4 0
0 1d5 0
0 1d6 0
0 1d7 0
0 1d8 0
0 1d9 0
0 1da 0
0 1db 0
0 1dc 0
0 1dd 0
0 1de 0
0 1df 0
0 1e0 0
0 1e1 0
0 1e2 0
0 1e3 0
0 1e4 0
0 1e5 0
0 1e6 0
0 1e7 0
0 1e8 0
0 1e9 0
0 1ea 0
0 1eb 0
0 1ec 0
0 1ed 0
0 1ee 0
0 1ef 0
0 1f0 0
0 1f1 0
0 1f2 0
0 1f3 0
0 1f4 0
0 1f5 0
0 101 0
0 102 0
0 103 0
0 104 0
0 105 0
0 106 0
0 107 0
0 108 0
0 109 0
0 10a 0
0 10b 0
0 10c 0
0 10d 0
0 10e 0
0 10f 0
0 110 0
0 111 0
0 112 0
0 113 0
0 114 0
0 115 0
0 116 0
0 117 0
0 118 0
0 119 0
0 11a 0
0 11b 0
0 11c 0
0 11d 0
0 11e 0
0 11f 0
0 120 0
0 121 0
0 122 0
0 123 0
0 124 0
0 125 0
0 126 0
0 127 0
0 128 0
0 129 0
0 12a 0
0 12b 0
0 12c 0
0 12d 0
0 12e 0
0 12f 0
0 130 0
0 131 0
0 132 0
0 133 0
0 134 0
0 135 0
0 136 0
0 137 0
0 138 0
0 139 0
0 13a 0
0 13b 0
0 13c 0
0 13d 0
0 13e 0
0 13f 0
0 8 40
0 105 1
0 43 3f
0 23 22
0 63 d2
0 83 34
0 e3 0
0 40 e1
0 20 64
0 60 f5
0 80 16
0 e0 3
0 c0 10
0 43 1a
0 a0 b1
0 b0 2a
0 44 3f
0 24 22
0 64 d2
0 84 34
0 e4 0
0 41 61
0 21 62
0 61 d5
0 81 14
0 e1 1
0 c1 30
0 44 1e
0 a1 65
0 b1 2f
0 45 3f
0 25 21
0 65 a5
0 85 4
0 e5 0
0 42 24
0 22 61
0 62 82
0 82 43
0 e2 0
0 c2 36
0 45 1e
0 a2 68
0 b2 33
0 4b 3f
0 2b 21
0 6b c1
0 8b 26
0 eb 0
0 48 3f
0 28 21
0 68 84
0 88 3
0 e8 0
0 c3 31
0 4b 16
0 48 20
0 a3 b1
0 b3 32
0 4c 3f
0 2c 21
0 6c f2
0 8c 27
0 ec 0
0 49 26
0 29 21
0 69 f4
0 89 66
0 e9 0
0 c4 30
0 4c 13
0 a4 b1
0 b4 26
9451 b3 12
9451 b4 6
11026 4d 3f
11026 2d 21
11026 6d c1
11026 8d 26
11026 ed 0
11026 4a 3f
11026 2a 21
11026 6a 84
11026 8a 3
11026 ea 0
11026 c5 31
11026 4d 16
11026 4a 20
11026 a5 65
11026 b5 33
11026 53 3f
11026 33 22
11026 73 f1
11026 93 37
11026 f3 1
11026 50 5b
11026 30 62
11026 70 f5
11026 90 56
11026 f0 1
11026 c6 30
11026 53 1c
11026 a6 44
11026 b6 2e
20477 b5 13
20477 b6 e
22053 54 3f
22053 34 21
22053 74 c1
22053 94 26
22053 f4 0
22053 51 3f
22053 31 21
22053 71 84
22053 91 3
22053 f1 0
22053 c7 31
22053 54 16
22053 51 20
22053 a7 4
22053 b7 36
22053 55 3f
22053 35 22
22053 75 f3
22053 95 57
22053 f5 0
22053 52 5d
22053 32 22
22053 72 f7
22053 92 76
22053 f2 1
22053 c8 30
22053 55 1c
22053 a8 44
22053 b8 2a
31504 b7 16
31504 b8 a
33080 143 3f
33080 123 21
33080 163 c1
33080 183 26
33080 1e3 0
33080 140 3f
33080 120 21
33080 160 84
33080 180 3
33080 1e0 0
33080 1c0 31
33080 143 16
33080 140 20
33080 1a0 b1
33080 1b0 36
33080 144 3f
33080 124 22
33080 164 f1
33080 184 37
33080 1e4 1
33080 141 5b
33080 121 62
33080 161 f5
33080 181 56
33080 1e1 1
33080 1c1 30
33080 144 1c
33080 1a1 44
33080 1b1 2e
42531 1b0 16
42531 1b1 e
42531 b0 a
42531 b1 f
42531 b2 13
44107 145 3f
44107 125 22
44107 165 d2
44107 185 34
44107 1e5 0
44107 142 e1
44107 122 64
44107 162 f5
44107 182 16
44107 1e2 3
44107 1c2 10
44107 145 24
44107 1a2 b1
44107 1b2 2a
44107 14b 3f
44107 12b 22
44107 16b d2
44107 18b 34
44107 1eb 0
44107 148 61
44107 128 62
44107 168 d5
44107 188 14
44107 1e8 1
44107 1c3 30
44107 14b 28
44107 1a3 65
44107 1b3 2f
44107 14c 3f
44107 12c 21
44107 16c a5
44107 18c 4
44107 1ec 0
44107 149 24
44107 129 61
44107 169 82
44107 189 43
44107 1e9 0
44107 1c4 36
44107 14c 28
44107 1a4 68
44107 1b4 33
44107 14d 3f
44107 12d 21
44107 16d c1
44107 18d 26
44107 1ed 0
44107 14a 3f
44107 12a 21
44107 16a 84
44107 18a 3
44107 1ea 0
44107 1c5 31
44107 14d 22
44107 14a 22
44107 1a5 b1
44107 1b5 32
44107 153 3f
44107 133 21
44107 173 f2
44107 193 27
44107 1f3 0
44107 150 26
44107 130 21
44107 170 f4
44107 190 66
44107 1f0 0
44107 1c6 30
44107 153 20
44107 1a6 b1
44107 1b6 26
53558 1b5 12
53558 1b6 6
55134 154 3f
55134 134 21
55134 174 c1
55134 194 26
55134 1f4 0
55134 151 3f
55134 131 21
55134 171 84
55134 191 3
55134 1f1 0
55134 1c7 31
55134 154 22
55134 151 22
55134 1a7 65
55134 1b7 33
55134 155 3f
55134 135 22
55134 175 f1
55134 195 37
55134 1f5 1
55134 152 5b
55134 132 62
55134 172 f5
55134 192 56
55134 1f2 1
55134 1c8 30
55134 155 26
55134 1a8 44
55134 1b8 2e
64585 1b7 13
64585 1b8 e
66161 4b 22
66161 48 22
66161 a3 4
66161 b3 36
66161 4c 3f
66161 2c 22
66161 6c f3
66161 8c 57
66161 ec 0
66161 49 5d
66161 29 22
66161 69 f7
66161 89 76
66161 e9 1
66161 c4 30
66161 4c 26
66161 a4 44
66161 b4 2a
75612 b3 16
75612 b4 a
77188 4d 22
77188 4a 22
77188 a5 b1
77188 b5 36
77188 53 26
77188 a6 44
77188 b6 2e
86639 b5 16
86639 b6 e
86639 1b2 a
86639 1b3 f
86639 1b4 13
110265 54 3f
110265 34 22
110265 74 d2
110265 94 34
110265 f4 0
110265 51 e1
110265 31 64
110265 71 f5
110265 91 16
110265 f1 3
110265 c7 10
110265 54 23
110265 a7 98
110265 b7 2b
110265 55 3f
110265 35 22
110265 75 d2
110265 95 34
110265 f5 0
110265 52 61
110265 32 62
110265 72 d5
110265 92 14
110265 f2 1
110265 c8 30
110265 55 28
110265 a8 44
110265 b8 32
110265 143 3f
110265 123 21
110265 163 a5
110265 183 4
110265 1e3 0
110265 140 24
110265 120 61
110265 160 82
110265 180 43
110265 1e0 0
110265 1c0 36
110265 143 28
110265 1a0 46
110265 1b0 36
110265 144 3f
110265 124 21
110265 164 c1
110265 184 26
110265 1e4 0
110265 141 3f
110265 121 21
110265 161 84
110265 181 3
110265 1e1 0
110265 1c1 31
110265 144 22
110265 141 22
110265 1a1 98
110265 1b1 33
110265 43 3f
110265 23 21
110265 63 f2
110265 83 27
110265 e3 0
110265 40 26
110265 20 21
110265 60 f4
110265 80 66
110265 e0 0
110265 c0 30
110265 43 20
110265 a0 b1
110265 b0 26
119716 1b1 13
119716 b0 6
121291 44 3f
121291 24 21
121291 64 c1
121291 84 26
121291 e4 0
121291 41 3f
121291 21 21
121291 61 84
121291 81 3
121291 e1 0
121291 c1 31
121291 44 22
121291 41 22
121291 a1 44
121291 b1 36
121291 45 3f
121291 25 22
121291 65 f1
121291 85 37
121291 e5 1
121291 42 5b
121291 22 62
121291 62 f5
121291 82 56
121291 e2 1
121291 c2 30
121291 45 26
121291 a2 44
121291 b2 2e
130742 b1 16
130742 b2 e
132300 54 b
132300 55 15
132300 143 15
132318 14d a
132318 14a 20
132318 1a5 b1
132318 1b5 36
132318 153 3f
132318 133 22
132318 173 f3
132318 193 57
132318 1f3 0
132318 150 5d
132318 130 22
132318 170 f7
132318 190 76
132318 1f0 1
132318 1c6 30
132318 153 d
132318 1a6 44
132318 1b6 2a
141769 1b5 16
141769 1b6 a
143345 154 a
143345 151 20
143345 1a7 98
143345 1b7 37
143345 155 d
143345 1a8 44
143345 1b8 2e
152796 1b7 17
152796 1b8 e
152796 b7 b
152796 b8 12
152796 1b0 16
154371 4b 3f
154371 2b 22
154371 6b d2
154371 8b 34
154371 eb 0
154371 48 e1
154371 28 64
154371 68 f5
154371 88 16
154371 e8 3
154371 c3 10
154371 4b a
154371 a3 4
154371 b3 2e
154371 4c 3f
154371 2c 22
154371 6c d2
154371 8c 34
154371 ec 0
154371 49 61
154371 29 62
154371 69 d5
154371 89 14
154371 e9 1
154371 c4 30
154371 4c 15
154371 a4 8b
154371 b4 32
154371 4d 3f
154371 2d 21
154371 6d a5
154371 8d 4
154371 ed 0
154371 4a 24
154371 2a 61
154371 6a 82
154371 8a 43
154371 ea 0
154371 c5 36
154371 4d 15
154371 a5 8d
154371 b5 36
154371 53 3f
154371 33 21
154371 73 c1
154371 93 26
154371 f3 0
154371 50 3f
154371 30 21
154371 70 84
154371 90 3
154371 f0 0
154371 c6 31
154371 53 a
154371 50 20
154371 a6 4
154371 b6 36
154371 145 3f
154371 125 21
154371 165 f2
154371 185 27
154371 1e5 0
154371 142 26
154371 122 21
154371 162 f4
154371 182 66
154371 1e2 0
154371 1c2 30
154371 145 0
154371 1a2 b1
154371 1b2 26
163822 b6 16
163822 1b2 6
165398 14b 3f
165398 12b 21
165398 16b c1
165398 18b 26
165398 1eb 0
165398 148 3f
165398 128 21
165398 168 84
165398 188 3
165398 1e8 0
165398 1c3 31
165398 14b a
165398 148 20
165398 1a3 8b
165398 1b3 36
165398 14c 3f
165398 12c 22
165398 16c f1
165398 18c 37
165398 1ec 1
165398 149 5b
165398 129 62
165398 169 f5
165398 189 56
165398 1e9 1
165398 1c4 30
165398 14c d
165398 1a4 44
165398 1b4 2e
174849 1b3 16
174849 1b4 e
176400 b3 e
176400 b4 12
176400 b5 16
176400 144 3f
176400 124 22
176400 164 f4
176400 184 37
176400 1e4 0
176400 141 cf
176400 121 64
176400 161 f5
176400 181 36
176400 1e1 3
176400 1c1 30
176400 144 a
176400 1a1 34
176400 1b1 27
176400 43 3f
176400 23 22
176400 63 b4
176400 83 15
176400 e3 0
176400 40 59
176400 20 22
176400 60 d3
176400 80 34
176400 e0 1
176400 c0 10
176400 43 15
176400 a0 b1
176400 b0 32
176400 44 3f
176400 24 21
176400 64 e2
176400 84 45
176400 e4 0
176400 41 1c
176400 21 21
176400 61 86
176400 81 63
176400 e1 0
176400 c1 16
176400 44 15
176400 a1 b5
176400 b1 36
176400 45 3f
176400 25 21
176400 65 a3
176400 85 4
176400 e5 0
176400 42 98
176400 22 63
176400 62 a2
176400 82 25
176400 e2 2
176400 c2 20
176400 45 f
176400 a2 b1
176400 b2 2e
184670 1b1 7
187426 b0 12
187426 b1 16
187426 b2 e
192940 14d 3f
192940 12d 22
192940 16d f1
192940 18d 37
192940 1ed 1
192940 14a 5b
192940 12a 62
192940 16a f5
192940 18a 56
192940 1ea 1
192940 1c5 30
192940 14d a
192940 1a5 44
192940 1b5 2e
198452 153 3f
198452 133 22
198452 173 b4
198452 193 15
198452 1f3 0
198452 150 59
198452 130 22
198452 170 d3
198452 190 34
198452 1f0 1
198452 1c6 10
198452 153 13
198452 1a6 6
198452 1b6 33
198452 154 3f
198452 134 21
198452 174 e2
198452 194 45
198452 1f4 0
198452 151 1c
198452 131 21
198452 171 86
198452 191 63
198452 1f1 0
198452 1c7 16
198452 154 13
198452 1a7 a
198452 1b7 37
198452 155 3f
198452 135 21
198452 175 a3
198452 195 4
198452 1f5 0
198452 152 98
198452 132 63
198452 172 a2
198452 192 25
198452 1f2 2
198452 1c8 20
198452 155 f
198452 1a8 6
198452 1b8 2f
201210 1b5 e
209478 1b6 13
209478 1b7 17
209478 1b8 f
209480 54 3f
209480 34 22
209480 74 f3
209480 94 57
209480 f4 0
209480 51 5d
209480 31 22
209480 71 f7
209480 91 76
209480 f1 1
209480 c7 30
209480 54 a
209480 a7 44
209480 b7 2a
217750 b7 a
220504 55 3f
220504 35 22
220504 75 b4
220504 95 15
220504 f5 0
220504 52 59
220504 32 22
220504 72 d3
220504 92 34
220504 f2 1
220504 c8 10
220504 55 11
220504 a8 65
220504 b8 33
220504 143 3f
220504 123 21
220504 163 e2
220504 183 45
220504 1e3 0
220504 140 1c
220504 120 21
220504 160 86
220504 180 63
220504 1e0 0
220504 1c0 16
220504 143 11
220504 1a0 69
220504 1b0 37
220504 53 3f
220504 33 21
220504 73 a3
220504 93 4
220504 f3 0
220504 50 98
220504 30 63
220504 70 a2
220504 90 25
220504 f0 2
220504 c6 20
220504 53 f
220504 a6 65
220504 b6 2f
226020 145 3f
226020 125 22
226020 165 f1
226020 185 37
226020 1e5 1
226020 142 5b
226020 122 62
226020 162 f5
226020 182 56
226020 1e2 1
226020 1c2 30
226020 145 a
226020 1a2 44
226020 1b2 2e
231530 b8 13
231530 1b0 17
231530 b6 f
234290 1b2 e
242556 14b 3f
242556 12b 22
242556 16b b4
242556 18b 15
242556 1eb 0
242556 148 59
242556 128 22
242556 168 d3
242556 188 34
242556 1e8 1
242556 1c3 10
242556 14b f
242556 1a3 98
242556 1b3 33
242556 14c 3f
242556 12c 21
242556 16c e2
242556 18c 45
242556 1ec 0
242556 149 1c
242556 129 21
242556 169 86
242556 189 63
242556 1e9 0
242556 1c4 16
242556 14c f
242556 1a4 9d
242556 1b4 37
242556 4b 3f
242556 2b 21
242556 6b a3
242556 8b 4
242556 eb 0
242556 48 98
242556 28 63
242556 68 a2
242556 88 25
242556 e8 2
242556 c3 20
242556 4b f
242556 a3 98
242556 b3 2f
248069 1a3 b3
248069 1b3 33
248069 1a4 b8
248069 1b4 37
253582 1b3 13
253582 1b4 17
253582 b3 f
259100 4c 3f
259100 2c 22
259100 6c f1
259100 8c 37
259100 ec 1
259100 49 5b
259100 29 62
259100 69 f5
259100 89 56
259100 e9 1
259100 c4 30
259100 4c a
259100 a4 44
259100 b4 2e
269017 4d 3f
269017 2d 22
269017 6d b4
269017 8d 15
269017 ed 0
269017 4a 59
269017 2a 22
269017 6a d3
269017 8a 34
269017 ea 1
269017 c5 10
269017 4d d
269017 a5 13
269017 b5 36
269017 144 3f
269017 124 21
269017 164 e2
269017 184 45
269017 1e4 0
269017 141 1c
269017 121 21
269017 161 86
269017 181 63
269017 1e1 0
269017 1c1 16
269017 144 d
269017 1a1 16
269017 1b1 3a
269017 43 3f
269017 23 21
269017 63 a3
269017 83 4
269017 e3 0
269017 40 98
269017 20 63
269017 60 a2
269017 80 25
269017 e0 2
269017 c0 20
269017 43 f
269017 a0 4
269017 b0 32
271227 b4 e
273428 a5 4
273428 b5 36
273428 1a1 7
273428 1b1 3a
277839 b5 16
277839 1b1 1a
277839 b0 12
277843 44 3f
277843 24 22
277843 64 f3
277843 84 57
277843 e4 0
277843 41 5d
277843 21 22
277843 61 f7
277843 81 76
277843 e1 1
277843 c1 30
277843 44 a
277843 a1 44
277843 b1 2a
284459 b1 a
286660 45 3f
286660 25 22
286660 65 b4
286660 85 15
286660 e5 0
286660 42 59
286660 22 22
286660 62 d3
286660 82 34
286660 e2 1
286660 c2 10
286660 45 b
286660 a2 44
286660 b2 36
286660 14d 3f
286660 12d 21
286660 16d e2
286660 18d 45
286660 1ed 0
286660 14a 1c
286660 12a 21
286660 16a 86
286660 18a 63
286660 1ea 0
286660 1c5 16
286660 14d b
286660 1a5 47
286660 1b5 3a
286660 153 3f
286660 133 21
286660 173 a3
286660 193 4
286660 1f3 0
286660 150 98
286660 130 63
286660 170 a2
286660 190 25
286660 1f0 2
286660 1c6 20
286660 153 f
286660 1a6 44
286660 1b6 32
291075 154 3f
291075 134 21
291075 174 f4
291075 194 7
291075 1f4 0
291075 151 9e
291075 131 63
291075 171 f2
291075 191 86
291075 1f1 2
291075 1c7 30
291075 154 a
291075 1a7 cf
291075 1b7 2b
295481 b2 16
295481 1b5 1a
295481 1b6 12
297691 1b7 b
304302 155 3f
304302 135 22
304302 175 b4
304302 195 15
304302 1f5 0
304302 152 59
304302 132 22
304302 172 d3
304302 192 34
304302 1f2 1
304302 1c8 10
304302 155 a
304302 1a8 8b
304302 1b8 36
304302 54 3f
304302 34 21
304302 74 e2
304302 94 45
304302 f4 0
304302 51 1c
304302 31 21
304302 71 86
304302 91 63
304302 f1 0
304302 c7 16
304302 54 a
304302 a7 8e
304302 b7 3a
304302 55 3f
304302 35 21
304302 75 a3
304302 95 4
304302 f5 0
304302 52 98
304302 32 63
304302 72 a2
304302 92 25
304302 f2 2
304302 c8 20
304302 55 f
304302 a8 8b
304302 b8 32
304302 c7 36
304302 1c8 30
304307 143 3f
304307 123 22
304307 163 f4
304307 183 37
304307 1e3 0
304307 140 cf
304307 120 64
304307 160 f5
304307 180 36
304307 1e0 3
304307 1c0 30
304307 143 a
304307 1a0 34
304307 1b0 27
308700 1b8 16
308700 b7 1a
308700 b8 12
308700 1b0 7
308700 53 3f
308700 33 22
308700 73 d2
308700 93 34
308700 f3 0
308700 50 e1
308700 30 64
308700 70 f5
308700 90 16
308700 f0 3
308700 c6 10
308700 53 d
308700 a6 b1
308700 b6 2a
308700 145 3f
308700 125 22
308700 165 d2
308700 185 34
308700 1e5 0
308700 142 61
308700 122 62
308700 162 d5
308700 182 14
308700 1e2 1
308700 1c2 30
308700 145 15
308700 1a2 65
308700 1b2 2f
308700 14b 3f
308700 12b 21
308700 16b a5
308700 18b 4
308700 1eb 0
308700 148 24
308700 128 61
308700 168 82
308700 188 43
308700 1e8 0
308700 1c3 36
308700 14b 15
308700 1a3 68
308700 1b3 33
308700 14c 3f
308700 12c 21
308700 16c c1
308700 18c 26
308700 1ec 0
308700 149 3f
308700 129 21
308700 169 84
308700 189 3
308700 1e9 0
308700 1c4 31
308700 14c a
308700 149 20
308700 1a4 b1
308700 1b4 32
308700 4b 3f
308700 2b 21
308700 6b f2
308700 8b 27
308700 eb 0
308700 48 26
308700 28 21
308700 68 f4
308700 88 66
308700 e8 0
308700 c3 30
308700 4b 1
308700 a3 b1
308700 b3 26
318151 1b4 12
318151 b3 6
319726 4c 3f
319726 2c 21
319726 6c c1
319726 8c 26
319726 ec 0
319726 49 3f
319726 29 21
319726 69 84
319726 89 3
319726 e9 0
319726 c4 31
319726 4c a
319726 49 20
319726 a4 65
319726 b4 33
319726 4d 3f
319726 2d 22
319726 6d f1
319726 8d 37
319726 ed 1
319726 4a 5b
319726 2a 62
319726 6a f5
319726 8a 56
319726 ea 1
319726 c5 30
319726 4d e
319726 a5 44
319726 b5 2e
329177 b4 13
329177 b5 e
330750 b6 a
330750 1b2 f
330750 1b3 13
352800 b6 a
352800 1b2 f
352800 1b3 13
352800 144 3f
352800 124 22
352800 164 f4
352800 184 37
352800 1e4 0
352800 141 cf
352800 121 64
352800 161 f5
352800 181 36
352800 1e1 3
352800 1c1 30
352800 144 a
352800 1a1 34
352800 1b1 27
352800 43 3f
352800 23 22
352800 63 b4
352800 83 15
352800 e3 0
352800 40 59
352800 20 22
352800 60 d3
352800 80 34
352800 e0 1
352800 c0 10
352800 43 15
352800 a0 b1
352800 b0 32
352800 44 3f
352800 24 21
352800 64 e2
352800 84 45
352800 e4 0
352800 41 1c
352800 21 21
352800 61 86
352800 81 63
352800 e1 0
352800 c1 16
352800 44 15
352800 a1 b5
352800 b1 36
352800 45 3f
352800 25 21
352800 65 a3
352800 85 4
352800 e5 0
352800 42 98
352800 22 63
352800 62 a2
352800 82 25
352800 e2 2
352800 c2 20
352800 45 f
352800 a2 b1
352800 b2 2e
361070 1b1 7
363826 b0 12
363826 b1 16
363826 b2 e
369340 14d 3f
369340 12d 22
369340 16d f1
369340 18d 37
369340 1ed 1
369340 14a 5b
369340 12a 62
369340 16a f5
369340 18a 56
369340 1ea 1
369340 1c5 30
369340 14d a
369340 1a5 44
369340 1b5 2e
374852 153 3f
374852 133 22
374852 173 b4
374852 193 15
374852 1f3 0
374852 150 59
374852 130 22
374852 170 d3
374852 190 34
374852 1f0 1
374852 1c6 10
374852 153 13
374852 1a6 6
374852 1b6 33
374852 154 3f
374852 134 21
374852 174 e2
374852 194 45
374852 1f4 0
374852 151 1c
374852 131 21
374852 171 86
374852 191 63
374852 1f1 0
374852 1c7 16
374852 154 13
374852 1a7 a
374852 1b7 37
374852 155 3f
374852 135 21
374852 175 a3
374852 195 4
374852 1f5 0
374852 152 98
374852 132 63
374852 172 a2
374852 192 25
374852 1f2 2
374852 1c8 20
374852 155 f
374852 1a8 6
374852 1b8 2f
377610 1b5 e
385875 1b6 13
385875 1b7 17
385875 1b8 f
