# OPL3 mode: 4-op channels in both banks with each of the four algorithms
# and feedback, stereo output bits (left, right, both, outputs C and D only),
# 2-op channels of bank 1 panned, writes to a 4-op channel's second half
# (ignored), algorithms changed and 4-op turned off under held notes, and
# over 1024 writes in one sample, all through OPL3_WriteRegBuffered
# (48000 Hz, resampled).
rate 48000
length 201600
buffered
0 105 01
0 104 3f
0 020 21
0 040 14
0 060 f4
0 080 46
0 0e0 00
0 023 22
0 043 00
0 063 f2
0 083 36
0 0e3 02
0 028 22
0 048 18
0 068 f4
0 088 46
0 0e8 00
0 02b 21
0 04b 08
0 06b f2
0 08b 36
0 0eb 02
0 0c0 12
0 0c3 10
0 021 21
0 041 14
0 061 f4
0 081 46
0 0e1 01
0 024 22
0 044 00
0 064 f2
0 084 36
0 0e4 03
0 029 22
0 049 18
0 069 f4
0 089 46
0 0e9 01
0 02c 21
0 04c 08
0 06c f2
0 08c 36
0 0ec 03
0 0c1 24
0 0c4 21
0 022 21
0 042 14
0 062 f4
0 082 46
0 0e2 02
0 025 22
0 045 00
0 065 f2
0 085 36
0 0e5 04
0 02a 22
0 04a 18
0 06a f4
0 08a 46
0 0ea 02
0 02d 21
0 04d 08
0 06d f2
0 08d 36
0 0ed 04
0 0c2 37
0 0c5 30
0 120 21
0 140 14
0 160 f4
0 180 46
0 1e0 03
0 123 22
0 143 00
0 163 f2
0 183 36
0 1e3 05
0 128 22
0 148 18
0 168 f4
0 188 46
0 1e8 03
0 12b 21
0 14b 08
0 16b f2
0 18b 36
0 1eb 05
0 1c0 39
0 1c3 31
0 121 21
0 141 14
0 161 f4
0 181 46
0 1e1 04
0 124 22
0 144 00
0 164 f2
0 184 36
0 1e4 06
0 129 22
0 149 18
0 169 f4
0 189 46
0 1e9 04
0 12c 21
0 14c 08
0 16c f2
0 18c 36
0 1ec 06
0 1c1 1a
0 1c4 10
0 122 21
0 142 14
0 162 f4
0 182 46
0 1e2 05
0 125 22
0 145 00
0 165 f2
0 185 36
0 1e5 07
0 12a 22
0 14a 18
0 16a f4
0 18a 46
0 1ea 05
0 12d 21
0 14d 08
0 16d f2
0 18d 36
0 1ed 07
0 1c2 2c
0 1c5 21
0 0a0 58
0 0b0 31
12000 0a1 82
12000 0b1 31
24000 0a2 b0
24000 0b2 31
36000 1a0 ca
36000 1b0 31
48000 1a1 02
48000 1b1 32
60000 1a2 41
60000 1b2 32
72000 0a3 b0
72000 0b3 3a
86400 0c0 fe
86400 0c3 31
88800 0c1 fd
88800 0c4 30
91200 0c2 fb
91200 0c5 31
93600 1c0 f8
93600 1c3 30
96000 1c1 f6
96000 1c4 31
98400 1c2 f5
98400 1c5 c0
115200 104 05
129600 0a0 58
129600 0b0 11
129600 0a1 82
129600 0b1 11
129600 0a2 b0
129600 0b2 11
129600 1a0 ca
129600 1b0 11
129600 1a1 02
129600 1b1 12
129600 1a2 41
129600 1b2 12
129600 0a3 b0
129600 0b3 1a
139200 130 21
139200 150 1a
139200 170 f4
139200 190 46
139200 1f0 04
139200 133 21
139200 153 00
139200 173 f2
139200 193 26
139200 1f3 00
139200 1c6 18
139200 1a6 ca
139200 1b6 2d
139200 131 21
139200 151 1a
139200 171 f4
139200 191 46
139200 1f1 05
139200 134 21
139200 154 00
139200 174 f2
139200 194 26
139200 1f4 01
139200 1c7 28
139200 1a7 02
139200 1b7 32
139200 132 21
139200 152 1a
139200 172 f4
139200 192 46
139200 1f2 06
139200 135 21
139200 155 00
139200 175 f2
139200 195 26
139200 1f5 02
139200 1c8 38
139200 1a8 41
139200 1b8 36
163200 1a6 00
163200 1a7 07
163200 1a8 0e
163200 1a6 15
163200 1a7 1c
163200 1a8 23
163200 1a6 2a
163200 1a7 31
163200 1a8 38
163200 1a6 3f
163200 1a7 46
163200 1a8 4d
163200 1a6 54
163200 1a7 5b
163200 1a8 62
163200 1a6 69
163200 1a7 70
163200 1a8 77
163200 1a6 7e
163200 1a7 85
163200 1a8 8c
163200 1a6 93
163200 1a7 9a
163200 1a8 a1
163200 1a6 a8
163200 1a7 af
163200 1a8 b6
163200 1a6 bd
163200 1a7 c4
163200 1a8 cb
163200 1a6 d2
163200 1a7 d9
163200 1a8 e0
163200 1a6 e7
163200 1a7 ee
163200 1a8 f5
163200 1a6 fc
163200 1a7 03
163200 1a8 0a
163200 1a6 11
163200 1a7 18
163200 1a8 1f
163200 1a6 26
163200 1a7 2d
163200 1a8 34
163200 1a6 3b
163200 1a7 42
163200 1a8 49
163200 1a6 50
163200 1a7 57
163200 1a8 5e
163200 1a6 65
163200 1a7 6c
163200 1a8 73
163200 1a6 7a
163200 1a7 81
163200 1a8 88
163200 1a6 8f
163200 1a7 96
163200 1a8 9d
163200 1a6 a4
163200 1a7 ab
163200 1a8 b2
163200 1a6 b9
163200 1a7 c0
163200 1a8 c7
163200 1a6 ce
163200 1a7 d5
163200 1a8 dc
163200 1a6 e3
163200 1a7 ea
163200 1a8 f1
163200 1a6 f8
163200 1a7 ff
163200 1a8 06
163200 1a6 0d
163200 1a7 14
163200 1a8 1b
163200 1a6 22
163200 1a7 29
163200 1a8 30
163200 1a6 37
163200 1a7 3e
163200 1a8 45
163200 1a6 4c
163200 1a7 53
163200 1a8 5a
163200 1a6 61
163200 1a7 68
163200 1a8 6f
163200 1a6 76
163200 1a7 7d
163200 1a8 84
163200 1a6 8b
163200 1a7 92
163200 1a8 99
163200 1a6 a0
163200 1a7 a7
163200 1a8 ae
163200 1a6 b5
163200 1a7 bc
163200 1a8 c3
163200 1a6 ca
163200 1a7 d1
163200 1a8 d8
163200 1a6 df
163200 1a7 e6
163200 1a8 ed
163200 1a6 f4
163200 1a7 fb
163200 1a8 02
163200 1a6 09
163200 1a7 10
163200 1a8 17
163200 1a6 1e
163200 1a7 25
163200 1a8 2c
163200 1a6 33
163200 1a7 3a
163200 1a8 41
163200 1a6 48
163200 1a7 4f
163200 1a8 56
163200 1a6 5d
163200 1a7 64
163200 1a8 6b
163200 1a6 72
163200 1a7 79
163200 1a8 80
163200 1a6 87
163200 1a7 8e
163200 1a8 95
163200 1a6 9c
163200 1a7 a3
163200 1a8 aa
163200 1a6 b1
163200 1a7 b8
163200 1a8 bf
163200 1a6 c6
163200 1a7 cd
163200 1a8 d4
163200 1a6 db
163200 1a7 e2
163200 1a8 e9
163200 1a6 f0
163200 1a7 f7
163200 1a8 fe
163200 1a6 05
163200 1a7 0c
163200 1a8 13
163200 1a6 1a
163200 1a7 21
163200 1a8 28
163200 1a6 2f
163200 1a7 36
163200 1a8 3d
163200 1a6 44
163200 1a7 4b
163200 1a8 52
163200 1a6 59
163200 1a7 60
163200 1a8 67
163200 1a6 6e
163200 1a7 75
163200 1a8 7c
163200 1a6 83
163200 1a7 8a
163200 1a8 91
163200 1a6 98
163200 1a7 9f
163200 1a8 a6
163200 1a6 ad
163200 1a7 b4
163200 1a8 bb
163200 1a6 c2
163200 1a7 c9
163200 1a8 d0
163200 1a6 d7
163200 1a7 de
163200 1a8 e5
163200 1a6 ec
163200 1a7 f3
163200 1a8 fa
163200 1a6 01
163200 1a7 08
163200 1a8 0f
163200 1a6 16
163200 1a7 1d
163200 1a8 24
163200 1a6 2b
163200 1a7 32
163200 1a8 39
163200 1a6 40
163200 1a7 47
163200 1a8 4e
163200 1a6 55
163200 1a7 5c
163200 1a8 63
163200 1a6 6a
163200 1a7 71
163200 1a8 78
163200 1a6 7f
163200 1a7 86
163200 1a8 8d
163200 1a6 94
163200 1a7 9b
163200 1a8 a2
163200 1a6 a9
163200 1a7 b0
163200 1a8 b7
163200 1a6 be
163200 1a7 c5
163200 1a8 cc
163200 1a6 d3
163200 1a7 da
163200 1a8 e1
163200 1a6 e8
163200 1a7 ef
163200 1a8 f6
163200 1a6 fd
163200 1a7 04
163200 1a8 0b
163200 1a6 12
163200 1a7 19
163200 1a8 20
163200 1a6 27
163200 1a7 2e
163200 1a8 35
163200 1a6 3c
163200 1a7 43
163200 1a8 4a
163200 1a6 51
163200 1a7 58
163200 1a8 5f
163200 1a6 66
163200 1a7 6d
163200 1a8 74
163200 1a6 7b
163200 1a7 82
163200 1a8 89
163200 1a6 90
163200 1a7 97
163200 1a8 9e
163200 1a6 a5
163200 1a7 ac
163200 1a8 b3
163200 1a6 ba
163200 1a7 c1
163200 1a8 c8
163200 1a6 cf
163200 1a7 d6
163200 1a8 dd
163200 1a6 e4
163200 1a7 eb
163200 1a8 f2
163200 1a6 f9
163200 1a7 00
163200 1a8 07
163200 1a6 0e
163200 1a7 15
163200 1a8 1c
163200 1a6 23
163200 1a7 2a
163200 1a8 31
163200 1a6 38
163200 1a7 3f
163200 1a8 46
163200 1a6 4d
163200 1a7 54
163200 1a8 5b
163200 1a6 62
163200 1a7 69
163200 1a8 70
163200 1a6 77
163200 1a7 7e
163200 1a8 85
163200 1a6 8c
163200 1a7 93
163200 1a8 9a
163200 1a6 a1
163200 1a7 a8
163200 1a8 af
163200 1a6 b6
163200 1a7 bd
163200 1a8 c4
163200 1a6 cb
163200 1a7 d2
163200 1a8 d9
163200 1a6 e0
163200 1a7 e7
163200 1a8 ee
163200 1a6 f5
163200 1a7 fc
163200 1a8 03
163200 1a6 0a
163200 1a7 11
163200 1a8 18
163200 1a6 1f
163200 1a7 26
163200 1a8 2d
163200 1a6 34
163200 1a7 3b
163200 1a8 42
163200 1a6 49
163200 1a7 50
163200 1a8 57
163200 1a6 5e
163200 1a7 65
163200 1a8 6c
163200 1a6 73
163200 1a7 7a
163200 1a8 81
163200 1a6 88
163200 1a7 8f
163200 1a8 96
163200 1a6 9d
163200 1a7 a4
163200 1a8 ab
163200 1a6 b2
163200 1a7 b9
163200 1a8 c0
163200 1a6 c7
163200 1a7 ce
163200 1a8 d5
163200 1a6 dc
163200 1a7 e3
163200 1a8 ea
163200 1a6 f1
163200 1a7 f8
163200 1a8 ff
163200 1a6 06
163200 1a7 0d
163200 1a8 14
163200 1a6 1b
163200 1a7 22
163200 1a8 29
163200 1a6 30
163200 1a7 37
163200 1a8 3e
163200 1a6 45
163200 1a7 4c
163200 1a8 53
163200 1a6 5a
163200 1a7 61
163200 1a8 68
163200 1a6 6f
163200 1a7 76
163200 1a8 7d
163200 1a6 84
163200 1a7 8b
163200 1a8 92
163200 1a6 99
163200 1a7 a0
163200 1a8 a7
163200 1a6 ae
163200 1a7 b5
163200 1a8 bc
163200 1a6 c3
163200 1a7 ca
163200 1a8 d1
163200 1a6 d8
163200 1a7 df
163200 1a8 e6
163200 1a6 ed
163200 1a7 f4
163200 1a8 fb
163200 1a6 02
163200 1a7 09
163200 1a8 10
163200 1a6 17
163200 1a7 1e
163200 1a8 25
163200 1a6 2c
163200 1a7 33
163200 1a8 3a
163200 1a6 41
163200 1a7 48
163200 1a8 4f
163200 1a6 56
163200 1a7 5d
163200 1a8 64
163200 1a6 6b
163200 1a7 72
163200 1a8 79
163200 1a6 80
163200 1a7 87
163200 1a8 8e
163200 1a6 95
163200 1a7 9c
163200 1a8 a3
163200 1a6 aa
163200 1a7 b1
163200 1a8 b8
163200 1a6 bf
163200 1a7 c6
163200 1a8 cd
163200 1a6 d4
163200 1a7 db
163200 1a8 e2
163200 1a6 e9
163200 1a7 f0
163200 1a8 f7
163200 1a6 fe
163200 1a7 05
163200 1a8 0c
163200 1a6 13
163200 1a7 1a
163200 1a8 21
163200 1a6 28
163200 1a7 2f
163200 1a8 36
163200 1a6 3d
163200 1a7 44
163200 1a8 4b
163200 1a6 52
163200 1a7 59
163200 1a8 60
163200 1a6 67
163200 1a7 6e
163200 1a8 75
163200 1a6 7c
163200 1a7 83
163200 1a8 8a
163200 1a6 91
163200 1a7 98
163200 1a8 9f
163200 1a6 a6
163200 1a7 ad
163200 1a8 b4
163200 1a6 bb
163200 1a7 c2
163200 1a8 c9
163200 1a6 d0
163200 1a7 d7
163200 1a8 de
163200 1a6 e5
163200 1a7 ec
163200 1a8 f3
163200 1a6 fa
163200 1a7 01
163200 1a8 08
163200 1a6 0f
163200 1a7 16
163200 1a8 1d
163200 1a6 24
163200 1a7 2b
163200 1a8 32
163200 1a6 39
163200 1a7 40
163200 1a8 47
163200 1a6 4e
163200 1a7 55
163200 1a8 5c
163200 1a6 63
163200 1a7 6a
163200 1a8 71
163200 1a6 78
163200 1a7 7f
163200 1a8 86
163200 1a6 8d
163200 1a7 94
163200 1a8 9b
163200 1a6 a2
163200 1a7 a9
163200 1a8 b0
163200 1a6 b7
163200 1a7 be
163200 1a8 c5
163200 1a6 cc
163200 1a7 d3
163200 1a8 da
163200 1a6 e1
163200 1a7 e8
163200 1a8 ef
163200 1a6 f6
163200 1a7 fd
163200 1a8 04
163200 1a6 0b
163200 1a7 12
163200 1a8 19
163200 1a6 20
163200 1a7 27
163200 1a8 2e
163200 1a6 35
163200 1a7 3c
163200 1a8 43
163200 1a6 4a
163200 1a7 51
163200 1a8 58
163200 1a6 5f
163200 1a7 66
163200 1a8 6d
163200 1a6 74
163200 1a7 7b
163200 1a8 82
163200 1a6 89
163200 1a7 90
163200 1a8 97
163200 1a6 9e
163200 1a7 a5
163200 1a8 ac
163200 1a6 b3
163200 1a7 ba
163200 1a8 c1
163200 1a6 c8
163200 1a7 cf
163200 1a8 d6
163200 1a6 dd
163200 1a7 e4
163200 1a8 eb
163200 1a6 f2
163200 1a7 f9
163200 1a8 00
163200 1a6 07
163200 1a7 0e
163200 1a8 15
163200 1a6 1c
163200 1a7 23
163200 1a8 2a
163200 1a6 31
163200 1a7 38
163200 1a8 3f
163200 1a6 46
163200 1a7 4d
163200 1a8 54
163200 1a6 5b
163200 1a7 62
163200 1a8 69
163200 1a6 70
163200 1a7 77
163200 1a8 7e
163200 1a6 85
163200 1a7 8c
163200 1a8 93
163200 1a6 9a
163200 1a7 a1
163200 1a8 a8
163200 1a6 af
163200 1a7 b6
163200 1a8 bd
163200 1a6 c4
163200 1a7 cb
163200 1a8 d2
163200 1a6 d9
163200 1a7 e0
163200 1a8 e7
163200 1a6 ee
163200 1a7 f5
163200 1a8 fc
163200 1a6 03
163200 1a7 0a
163200 1a8 11
163200 1a6 18
163200 1a7 1f
163200 1a8 26
163200 1a6 2d
163200 1a7 34
163200 1a8 3b
163200 1a6 42
163200 1a7 49
163200 1a8 50
163200 1a6 57
163200 1a7 5e
163200 1a8 65
163200 1a6 6c
163200 1a7 73
163200 1a8 7a
163200 1a6 81
163200 1a7 88
163200 1a8 8f
163200 1a6 96
163200 1a7 9d
163200 1a8 a4
163200 1a6 ab
163200 1a7 b2
163200 1a8 b9
163200 1a6 c0
163200 1a7 c7
163200 1a8 ce
163200 1a6 d5
163200 1a7 dc
163200 1a8 e3
163200 1a6 ea
163200 1a7 f1
163200 1a8 f8
163200 1a6 ff
163200 1a7 06
163200 1a8 0d
163200 1a6 14
163200 1a7 1b
163200 1a8 22
163200 1a6 29
163200 1a7 30
163200 1a8 37
163200 1a6 3e
163200 1a7 45
163200 1a8 4c
163200 1a6 53
163200 1a7 5a
163200 1a8 61
163200 1a6 68
163200 1a7 6f
163200 1a8 76
163200 1a6 7d
163200 1a7 84
163200 1a8 8b
163200 1a6 92
163200 1a7 99
163200 1a8 a0
163200 1a6 a7
163200 1a7 ae
163200 1a8 b5
163200 1a6 bc
163200 1a7 c3
163200 1a8 ca
163200 1a6 d1
163200 1a7 d8
163200 1a8 df
163200 1a6 e6
163200 1a7 ed
163200 1a8 f4
163200 1a6 fb
163200 1a7 02
163200 1a8 09
163200 1a6 10
163200 1a7 17
163200 1a8 1e
163200 1a6 25
163200 1a7 2c
163200 1a8 33
163200 1a6 3a
163200 1a7 41
163200 1a8 48
163200 1a6 4f
163200 1a7 56
163200 1a8 5d
163200 1a6 64
163200 1a7 6b
163200 1a8 72
163200 1a6 79
163200 1a7 80
163200 1a8 87
163200 1a6 8e
163200 1a7 95
163200 1a8 9c
163200 1a6 a3
163200 1a7 aa
163200 1a8 b1
163200 1a6 b8
163200 1a7 bf
163200 1a8 c6
163200 1a6 cd
163200 1a7 d4
163200 1a8 db
163200 1a6 e2
163200 1a7 e9
163200 1a8 f0
163200 1a6 f7
163200 1a7 fe
163200 1a8 05
163200 1a6 0c
163200 1a7 13
163200 1a8 1a
163200 1a6 21
163200 1a7 28
163200 1a8 2f
163200 1a6 36
163200 1a7 3d
163200 1a8 44
163200 1a6 4b
163200 1a7 52
163200 1a8 59
163200 1a6 60
163200 1a7 67
163200 1a8 6e
163200 1a6 75
163200 1a7 7c
163200 1a8 83
163200 1a6 8a
163200 1a7 91
163200 1a8 98
163200 1a6 9f
163200 1a7 a6
163200 1a8 ad
163200 1a6 b4
163200 1a7 bb
163200 1a8 c2
163200 1a6 c9
163200 1a7 d0
163200 1a8 d7
163200 1a6 de
163200 1a7 e5
163200 1a8 ec
163200 1a6 f3
163200 1a7 fa
163200 1a8 01
163200 1a6 08
163200 1a7 0f
163200 1a8 16
163200 1a6 1d
163200 1a7 24
163200 1a8 2b
163200 1a6 32
163200 1a7 39
163200 1a8 40
163200 1a6 47
163200 1a7 4e
163200 1a8 55
163200 1a6 5c
163200 1a7 63
163200 1a8 6a
163200 1a6 71
163200 1a7 78
163200 1a8 7f
163200 1a6 86
163200 1a7 8d
163200 1a8 94
163200 1a6 9b
163200 1a7 a2
163200 1a8 a9
163200 1a6 b0
163200 1a7 b7
163200 1a8 be
163200 1a6 c5
163200 1a7 cc
163200 1a8 d3
163200 1a6 da
163200 1a7 e1
163200 1a8 e8
163200 1a6 ef
163200 1a7 f6
163200 1a8 fd
163200 1a6 04
163200 1a7 0b
163200 1a8 12
163200 1a6 19
163200 1a7 20
163200 1a8 27
163200 1a6 2e
163200 1a7 35
163200 1a8 3c
163200 1a6 43
163200 1a7 4a
163200 1a8 51
163200 1a6 58
163200 1a7 5f
163200 1a8 66
163200 1a6 6d
163200 1a7 74
163200 1a8 7b
163200 1a6 82
163200 1a7 89
163200 1a8 90
163200 1a6 97
163200 1a7 9e
163200 1a8 a5
163200 1a6 ac
163200 1a7 b3
163200 1a8 ba
163200 1a6 c1
163200 1a7 c8
163200 1a8 cf
163200 1a6 d6
163200 1a7 dd
163200 1a8 e4
163200 1a6 eb
163200 1a7 f2
163200 1a8 f9
163200 1a6 00
163200 1a7 07
163200 1a8 0e
163200 1a6 15
163200 1a7 1c
163200 1a8 23
163200 1a6 2a
163200 1a7 31
163200 1a8 38
163200 1a6 3f
163200 1a7 46
163200 1a8 4d
163200 1a6 54
163200 1a7 5b
163200 1a8 62
163200 1a6 69
163200 1a7 70
163200 1a8 77
163200 1a6 7e
163200 1a7 85
163200 1a8 8c
163200 1a6 93
163200 1a7 9a
163200 1a8 a1
163200 1a6 a8
163200 1a7 af
163200 1a8 b6
163200 1a6 bd
163200 1a7 c4
163200 1a8 cb
163200 1a6 d2
163200 1a7 d9
163200 1a8 e0
163200 1a6 e7
163200 1a7 ee
163200 1a8 f5
163200 1a6 fc
163200 1a7 03
163200 1a8 0a
163200 1a6 11
163200 1a7 18
163200 1a8 1f
163200 1a6 26
163200 1a7 2d
163200 1a8 34
163200 1a6 3b
163200 1a7 42
163200 1a8 49
163200 1a6 50
163200 1a7 57
163200 1a8 5e
163200 1a6 65
163200 1a7 6c
163200 1a8 73
163200 1a6 7a
163200 1a7 81
163200 1a8 88
163200 1a6 8f
163200 1a7 96
163200 1a8 9d
163200 1a6 a4
163200 1a7 ab
163200 1a8 b2
163200 1a6 b9
163200 1a7 c0
163200 1a8 c7
163200 1a6 ce
163200 1a7 d5
163200 1a8 dc
163200 1a6 e3
163200 1a7 ea
163200 1a8 f1
163200 1a6 f8
163200 1a7 ff
163200 1a8 06
163200 1a6 0d
163200 1a7 14
163200 1a8 1b
163200 1a6 22
163200 1a7 29
163200 1a8 30
163200 1a6 37
163200 1a7 3e
163200 1a8 45
163200 1a6 4c
163200 1a7 53
163200 1a8 5a
163200 1a6 61
163200 1a7 68
163200 1a8 6f
163200 1a6 76
163200 1a7 7d
163200 1a8 84
163200 1a6 8b
163200 1a7 92
163200 1a8 99
163200 1a6 a0
163200 1a7 a7
163200 1a8 ae
163200 1a6 b5
163200 1a7 bc
163200 1a8 c3
163200 1a6 ca
163200 1a7 d1
163200 1a8 d8
163200 1a6 df
163200 1a7 e6
163200 1a8 ed
163200 1a6 f4
163200 1a7 fb
163200 1a8 02
163200 1a6 09
163200 1a7 10
163200 1a8 17
163200 1a6 1e
163200 1a7 25
163200 1a8 2c
163200 1a6 33
163200 1a7 3a
163200 1a8 41
163200 1a6 48
163200 1a7 4f
163200 1a8 56
163200 1a6 5d
163200 1a7 64
163200 1a8 6b
163200 1a6 72
163200 1a7 79
163200 1a8 80
163200 1a6 87
163200 1a7 8e
163200 1a8 95
163200 1a6 9c
163200 1a7 a3
163200 1a8 aa
163200 1a6 b1
163200 1a7 b8
163200 1a8 bf
163200 1a6 c6
163200 1a7 cd
163200 1a8 d4
163200 1a6 db
163200 1a7 e2
163200 1a8 e9
163200 1a6 f0
163200 1a7 f7
163200 1a8 fe
163200 1a6 05
163200 1a7 0c
163200 1a8 13
163200 1a6 1a
163200 1a7 21
163200 1a8 28
163200 1a6 2f
163200 1a7 36
163200 1a8 3d
163200 1a6 44
163200 1a7 4b
163200 1a8 52
163200 1a6 59
163200 1a7 60
163200 1a8 67
163200 1a6 6e
163200 1a7 75
163200 1a8 7c
163200 1a6 83
163200 1a7 8a
163200 1a8 91
163200 1a6 98
163200 1a7 9f
163200 1a8 a6
163200 1a6 ad
163200 1a7 b4
163200 1a8 bb
163200 1a6 c2
163200 1a7 c9
163200 1a8 d0
163200 1a6 d7
163200 1a7 de
163200 1a8 e5
163200 1a6 ec
163200 1a7 f3
163200 1a8 fa
163200 1a6 01
163200 1a7 08
163200 1a8 0f
163200 1a6 16
163200 1a7 1d
163200 1a8 24
163200 1a6 2b
163200 1a7 32
163200 1a8 39
163200 1a6 40
163200 1a7 47
163200 1a8 4e
163200 1a6 55
163200 1a7 5c
163200 1a8 63
163200 1a6 6a
163200 1a7 71
163200 1a8 78
163200 1a6 7f
163200 1a7 86
163200 1a8 8d
163200 1a6 94
163200 1a7 9b
163200 1a8 a2
163200 1a6 a9
163200 1a7 b0
163200 1a8 b7
163200 1a6 be
163200 1a7 c5
163200 1a8 cc
163200 1a6 d3
163200 1a7 da
163200 1a8 e1
163200 1a6 e8
163200 1a7 ef
163200 1a8 f6
163200 1a6 fd
163200 1a7 04
163200 1a8 0b
163200 1a6 12
163200 1a7 19
163200 1a8 20
163200 1a6 27
163200 1a7 2e
163200 1a8 35
163200 1a6 3c
163200 1a7 43
163200 1a8 4a
163200 1a6 51
163200 1a7 58
163200 1a8 5f
163200 1a6 66
163200 1a7 6d
163200 1a8 74
163200 1a6 7b
163200 1a7 82
163200 1a8 89
163200 1a6 90
163200 1a7 97
163200 1a8 9e
163200 1a6 a5
163200 1a7 ac
163200 1a8 b3
163200 1a6 ba
163200 1a7 c1
163200 1a8 c8
163200 1a6 cf
163200 1a7 d6
163200 1a8 dd
163200 1a6 e4
163200 1a7 eb
163200 1a8 f2
163200 1a6 f9
163200 1a7 00
163200 1a8 07
163200 1a6 0e
163200 1a7 15
163200 1a8 1c
163200 1a6 23
163200 1a7 2a
163200 1a8 31
163200 1a6 38
163200 1a7 3f
163200 1a8 46
163200 1a6 4d
163200 1a7 54
163200 1a8 5b
163200 1a6 62
163200 1a7 69
163200 1a8 70
163200 1a6 77
163200 1a7 7e
163200 1a8 85
163200 1a6 8c
163200 1a7 93
163200 1a8 9a
163200 1a6 a1
163200 1a7 a8
163200 1a8 af
163200 1a6 b6
163200 1a7 bd
163200 1a8 c4
163200 1a6 cb
163200 1a7 d2
163200 1a8 d9
163200 1a6 e0
163200 1a7 e7
163200 1a8 ee
163200 1a6 f5
163200 1a7 fc
163200 1a8 03
163200 1a6 0a
163200 1a7 11
163200 1a8 18
163200 1a6 1f
163200 1a7 26
163200 1a8 2d
163200 1a6 34
163200 1a7 3b
163200 1a8 42
163200 1a6 49
163200 1a7 50
163200 1a8 57
163200 1a6 5e
163200 1a7 65
163200 1a8 6c
163200 1a6 73
163200 1a7 7a
163200 1a8 81
163200 1a6 88
163200 1a7 8f
163200 1a8 96
163200 1a6 9d
163200 1a7 a4
163200 1a8 ab
163200 1a6 b2
163200 1a7 b9
163200 1a8 c0
163200 1a6 c7
163200 1a7 ce
163200 1a8 d5
163200 1a6 dc
163200 1a7 e3
163200 1a8 ea
163200 1a6 f1
163200 1a7 f8
163200 1a8 ff
163200 1a6 06
163200 1a7 0d
187200 1a6 ca
187200 1b6 0d
187200 1a7 02
187200 1b7 12
187200 1a8 41
187200 1b8 16
