# Rhythm mode in OPL2 mode: bass drum, snare, tom, cymbal and hi-hat alone
# and together (the noise and the hi-hat and cymbal phase bits), the bass
# drum's other algorithm and the depth bits, then rhythm mode off with notes
# on its channels (49716 Hz, OPL3_Generate).
length 169032
0 030 00
0 050 0a
0 070 f6
0 090 a6
0 0f0 00
0 033 00
0 053 00
0 073 f5
0 093 a6
0 0f3 00
0 0c6 3c
0 031 01
0 051 04
0 071 f8
0 091 88
0 0f1 00
0 034 01
0 054 02
0 074 f7
0 094 77
0 0f4 00
0 032 02
0 052 06
0 072 f6
0 092 66
0 0f2 00
0 035 01
0 055 04
0 075 f9
0 095 99
0 0f5 00
0 0a6 50
0 0b6 09
0 0a7 c0
0 0b7 0d
0 0a8 f0
0 0b8 10
0 0bd 30
7457 0bd 20
9943 0bd 28
17400 0bd 20
19886 0bd 24
27343 0bd 20
29829 0bd 22
37286 0bd 20
39772 0bd 21
47229 0bd 20
49715 0bd 31
57172 0bd 20
59658 0bd 2a
67115 0bd 20
69601 0bd 3f
77058 0bd 20
79544 0bd 25
87001 0bd 20
89487 0bd 33
96944 0bd 20
99430 0c6 3d
99430 0a7 a0
99430 0b7 16
99430 0a8 80
99430 0b8 19
99430 0bd f0
106887 0bd e0
109373 0bd ff
116830 0bd e0
119316 0bd e3
126773 0bd e0
129259 0bd 3f
134231 0bd 00
134231 0a6 ca
134231 0b6 31
134231 0a7 02
134231 0b7 32
134231 0a8 41
134231 0b8 32
154117 0a6 ca
154117 0b6 11
154117 0a7 02
154117 0b7 12
154117 0a8 41
154117 0b8 12
