# Tremolo (AM) and vibrato on long notes with each of register BD's depth
# bit combinations, on the modulator, the carrier and both, plus a frequency
# sweep (44100 Hz, resampled).
rate 44100
length 169344
0 020 a2
0 040 1c
0 060 f4
0 080 46
0 0e0 00
0 023 a1
0 043 00
0 063 f1
0 083 15
0 0e3 00
0 0c0 36
0 021 22
0 041 1c
0 061 f4
0 081 46
0 0e1 00
0 024 61
0 044 00
0 064 f1
0 084 15
0 0e4 00
0 0c1 36
0 022 a2
0 042 1c
0 062 f4
0 082 46
0 0e2 00
0 025 e1
0 045 00
0 065 f1
0 085 15
0 0e5 00
0 0c2 36
0 028 61
0 048 12
0 068 f4
0 088 46
0 0e8 00
0 02b 21
0 04b 00
0 06b f4
0 08b 46
0 0eb 00
0 0c3 32
0 0bd 00
0 0a0 58
0 0b0 31
0 0a1 b0
0 0b1 35
0 0a2 02
0 0b2 32
0 0a3 87
0 0b3 36
26460 0a0 58
26460 0b0 11
26460 0a1 b0
26460 0b1 15
26460 0a2 02
26460 0b2 12
26460 0a3 87
26460 0b3 16
30870 0bd 40
30870 0a0 58
30870 0b0 31
30870 0a1 b0
30870 0b1 35
30870 0a2 02
30870 0b2 32
30870 0a3 87
30870 0b3 36
57330 0a0 58
57330 0b0 11
57330 0a1 b0
57330 0b1 15
57330 0a2 02
57330 0b2 12
57330 0a3 87
57330 0b3 16
61740 0bd 80
61740 0a0 58
61740 0b0 31
61740 0a1 b0
61740 0b1 35
61740 0a2 02
61740 0b2 32
61740 0a3 87
61740 0b3 36
88200 0a0 58
88200 0b0 11
88200 0a1 b0
88200 0b1 15
88200 0a2 02
88200 0b2 12
88200 0a3 87
88200 0b3 16
92610 0bd c0
92610 0a0 58
92610 0b0 31
92610 0a1 b0
92610 0b1 35
92610 0a2 02
92610 0b2 32
92610 0a3 87
92610 0b3 36
119070 0a0 58
119070 0b0 11
119070 0a1 b0
119070 0b1 15
119070 0a2 02
119070 0b2 12
119070 0a3 87
119070 0b3 16
123480 0bd c0
123480 0a2 00
123480 0b2 34
123921 0a2 10
123921 0b2 34
124362 0a2 20
124362 0b2 34
124803 0a2 30
124803 0b2 34
125244 0a2 40
125244 0b2 34
125685 0a2 50
125685 0b2 34
126126 0a2 60
126126 0b2 34
126567 0a2 70
126567 0b2 34
127008 0a2 80
127008 0b2 34
127449 0a2 90
127449 0b2 34
127890 0a2 a0
127890 0b2 34
128331 0a2 b0
128331 0b2 34
128772 0a2 c0
128772 0b2 34
129213 0a2 d0
129213 0b2 34
129654 0a2 e0
129654 0b2 34
130095 0a2 f0
130095 0b2 34
130536 0a2 00
130536 0b2 35
130977 0a2 10
130977 0b2 35
131418 0a2 20
131418 0b2 35
131859 0a2 30
131859 0b2 35
132300 0a2 40
132300 0b2 35
132741 0a2 50
132741 0b2 35
133182 0a2 60
133182 0b2 35
133623 0a2 70
133623 0b2 35
134064 0a2 80
134064 0b2 35
134505 0a2 90
134505 0b2 35
134946 0a2 a0
134946 0b2 35
135387 0a2 b0
135387 0b2 35
135828 0a2 c0
135828 0b2 35
136269 0a2 d0
136269 0b2 35
136710 0a2 e0
136710 0b2 35
137151 0a2 f0
137151 0b2 35
137592 0a2 00
137592 0b2 36
138033 0a2 10
138033 0b2 36
138474 0a2 20
138474 0b2 36
138915 0a2 30
138915 0b2 36
139356 0a2 40
139356 0b2 36
139797 0a2 50
139797 0b2 36
140238 0a2 60
140238 0b2 36
140679 0a2 70
140679 0b2 36
141120 0a2 80
141120 0b2 36
141561 0a2 90
141561 0b2 36
142002 0a2 a0
142002 0b2 36
142443 0a2 b0
142443 0b2 36
142884 0a2 c0
142884 0b2 36
143325 0a2 d0
143325 0b2 36
143766 0a2 e0
143766 0b2 36
144207 0a2 f0
144207 0b2 36
144648 0a2 00
144648 0b2 37
145089 0a2 10
145089 0b2 37
145530 0a2 20
145530 0b2 37
145971 0a2 30
145971 0b2 37
146412 0a2 40
146412 0b2 37
146853 0a2 50
146853 0b2 37
147294 0a2 60
147294 0b2 37
147735 0a2 70
147735 0b2 37
148176 0a2 80
148176 0b2 37
148617 0a2 90
148617 0b2 37
149058 0a2 a0
149058 0b2 37
149499 0a2 b0
149499 0b2 37
149940 0a2 c0
149940 0b2 37
150381 0a2 d0
150381 0b2 37
150822 0a2 e0
150822 0b2 37
151263 0a2 f0
151263 0b2 37
151704 0a2 f0
151704 0b2 17
