# A note per waveform (0-7) in OPL3 mode, the carrier alone, then frequency
# modulated with each feedback level; then OPL2 mode, where waveforms 4-7
# fold to 0-3 (49716 Hz, OPL3_Generate).
length 228687
0 105 01
0 020 21
0 040 3f
0 060 f4
0 080 46
0 0e0 00
0 023 21
0 043 00
0 063 f3
0 083 26
0 0e3 00
0 0c0 31
0 0a0 58
0 0b0 31
7457 0a0 58
7457 0b0 11
9943 020 21
9943 040 3f
9943 060 f4
9943 080 46
9943 0e0 00
9943 023 21
9943 043 00
9943 063 f3
9943 083 26
9943 0e3 01
9943 0c0 31
9943 0a0 82
9943 0b0 31
17400 0a0 82
17400 0b0 11
19886 020 21
19886 040 3f
19886 060 f4
19886 080 46
19886 0e0 00
19886 023 21
19886 043 00
19886 063 f3
19886 083 26
19886 0e3 02
19886 0c0 31
19886 0a0 b0
19886 0b0 31
27343 0a0 b0
27343 0b0 11
29829 020 21
29829 040 3f
29829 060 f4
29829 080 46
29829 0e0 00
29829 023 21
29829 043 00
29829 063 f3
29829 083 26
29829 0e3 03
29829 0c0 31
29829 0a0 ca
29829 0b0 31
37286 0a0 ca
37286 0b0 11
39772 020 21
39772 040 3f
39772 060 f4
39772 080 46
39772 0e0 00
39772 023 21
39772 043 00
39772 063 f3
39772 083 26
39772 0e3 04
39772 0c0 31
39772 0a0 02
39772 0b0 32
47229 0a0 02
47229 0b0 12
49715 020 21
49715 040 3f
49715 060 f4
49715 080 46
49715 0e0 00
49715 023 21
49715 043 00
49715 063 f3
49715 083 26
49715 0e3 05
49715 0c0 31
49715 0a0 41
49715 0b0 32
57172 0a0 41
57172 0b0 12
59658 020 21
59658 040 3f
59658 060 f4
59658 080 46
59658 0e0 00
59658 023 21
59658 043 00
59658 063 f3
59658 083 26
59658 0e3 06
59658 0c0 31
59658 0a0 87
59658 0b0 32
67115 0a0 87
67115 0b0 12
69601 020 21
69601 040 3f
69601 060 f4
69601 080 46
69601 0e0 00
69601 023 21
69601 043 00
69601 063 f3
69601 083 26
69601 0e3 07
69601 0c0 31
69601 0a0 b0
69601 0b0 32
77058 0a0 b0
77058 0b0 12
79544 021 22
79544 041 18
79544 061 f4
79544 081 46
79544 0e1 00
79544 024 21
79544 044 00
79544 064 f4
79544 084 16
79544 0e4 03
79544 0c1 30
79544 0a1 b0
79544 0b1 2e
87001 0a1 b0
87001 0b1 0e
89487 021 22
89487 041 18
89487 061 f4
89487 081 46
89487 0e1 01
89487 024 21
89487 044 00
89487 064 f4
89487 084 16
89487 0e4 04
89487 0c1 32
89487 0a1 87
89487 0b1 2e
96944 0a1 87
96944 0b1 0e
99430 021 22
99430 041 18
99430 061 f4
99430 081 46
99430 0e1 02
99430 024 21
99430 044 00
99430 064 f4
99430 084 16
99430 0e4 05
99430 0c1 34
99430 0a1 41
99430 0b1 2e
106887 0a1 41
106887 0b1 0e
109373 021 22
109373 041 18
109373 061 f4
109373 081 46
109373 0e1 03
109373 024 21
109373 044 00
109373 064 f4
109373 084 16
109373 0e4 06
109373 0c1 36
109373 0a1 02
109373 0b1 2e
116830 0a1 02
116830 0b1 0e
119316 021 22
119316 041 18
119316 061 f4
119316 081 46
119316 0e1 04
119316 024 21
119316 044 00
119316 064 f4
119316 084 16
119316 0e4 07
119316 0c1 38
119316 0a1 ca
119316 0b1 2d
126773 0a1 ca
126773 0b1 0d
129259 021 22
129259 041 18
129259 061 f4
129259 081 46
129259 0e1 05
129259 024 21
129259 044 00
129259 064 f4
129259 084 16
129259 0e4 00
129259 0c1 3a
129259 0a1 b0
129259 0b1 2d
136716 0a1 b0
136716 0b1 0d
139202 021 22
139202 041 18
139202 061 f4
139202 081 46
139202 0e1 06
139202 024 21
139202 044 00
139202 064 f4
139202 084 16
139202 0e4 01
139202 0c1 3c
139202 0a1 82
139202 0b1 2d
146659 0a1 82
146659 0b1 0d
149145 021 22
149145 041 18
149145 061 f4
149145 081 46
149145 0e1 07
149145 024 21
149145 044 00
149145 064 f4
149145 084 16
149145 0e4 02
149145 0c1 3e
149145 0a1 58
149145 0b1 2d
156602 0a1 58
156602 0b1 0d
159088 105 00
159088 022 23
159088 042 1e
159088 062 f4
159088 082 46
159088 0e2 00
159088 025 21
159088 045 00
159088 065 f4
159088 085 46
159088 0e5 00
159088 0c2 38
159088 0a2 58
159088 0b2 35
165054 0a2 58
165054 0b2 15
166545 022 23
166545 042 1e
166545 062 f4
166545 082 46
166545 0e2 01
166545 025 21
166545 045 00
166545 065 f4
166545 085 46
166545 0e5 01
166545 0c2 39
166545 0a2 82
166545 0b2 35
172511 0a2 82
172511 0b2 15
174002 022 23
174002 042 1e
174002 062 f4
174002 082 46
174002 0e2 02
174002 025 21
174002 045 00
174002 065 f4
174002 085 46
174002 0e5 02
174002 0c2 38
174002 0a2 b0
174002 0b2 35
179968 0a2 b0
179968 0b2 15
181459 022 23
181459 042 1e
181459 062 f4
181459 082 46
181459 0e2 03
181459 025 21
181459 045 00
181459 065 f4
181459 085 46
181459 0e5 03
181459 0c2 39
181459 0a2 ca
181459 0b2 35
187425 0a2 ca
187425 0b2 15
188916 022 23
188916 042 1e
188916 062 f4
188916 082 46
188916 0e2 04
188916 025 21
188916 045 00
188916 065 f4
188916 085 46
188916 0e5 04
188916 0c2 38
188916 0a2 02
188916 0b2 36
194882 0a2 02
194882 0b2 16
196373 022 23
196373 042 1e
196373 062 f4
196373 082 46
196373 0e2 05
196373 025 21
196373 045 00
196373 065 f4
196373 085 46
196373 0e5 05
196373 0c2 39
196373 0a2 41
196373 0b2 36
202339 0a2 41
202339 0b2 16
203830 022 23
203830 042 1e
203830 062 f4
203830 082 46
203830 0e2 06
203830 025 21
203830 045 00
203830 065 f4
203830 085 46
203830 0e5 06
203830 0c2 38
203830 0a2 87
203830 0b2 36
209796 0a2 87
209796 0b2 16
211287 022 23
211287 042 1e
211287 062 f4
211287 082 46
211287 0e2 07
211287 025 21
211287 045 00
211287 065 f4
211287 085 46
211287 0e5 07
211287 0c2 39
211287 0a2 b0
211287 0b2 36
217253 0a2 b0
217253 0b2 16
